[    0.000000] Linux version 5.2.0-3-amd64 (debian-kernel@lists.debian.org) (gcc version 8.3.0 (Debian 8.3.0-22)) #1 SMP Debian 5.2.17-1 (2019-09-26)
[    0.000000] Command line: BOOT_IMAGE=/boot/vmlinuz-5.2.0-3-amd64 root=UUID=2b8bd1df-8a5e-4d6e-98ef-fe21dd239dd1 ro quiet
[    0.000000] x86/fpu: Supporting XSAVE feature 0x001: 'x87 floating point registers'
[    0.000000] x86/fpu: Supporting XSAVE feature 0x002: 'SSE registers'
[    0.000000] x86/fpu: Supporting XSAVE feature 0x004: 'AVX registers'
[    0.000000] x86/fpu: Supporting XSAVE feature 0x020: 'AVX-512 opmask'
[    0.000000] x86/fpu: Supporting XSAVE feature 0x040: 'AVX-512 Hi256'
[    0.000000] x86/fpu: Supporting XSAVE feature 0x080: 'AVX-512 ZMM_Hi256'
[    0.000000] x86/fpu: xstate_offset[2]:  576, xstate_sizes[2]:  256
[    0.000000] x86/fpu: xstate_offset[5]: 1088, xstate_sizes[5]:   64
[    0.000000] x86/fpu: xstate_offset[6]: 1152, xstate_sizes[6]:  512
[    0.000000] x86/fpu: xstate_offset[7]: 1664, xstate_sizes[7]: 1024
[    0.000000] x86/fpu: Enabled xstate features 0xe7, context size is 2688 bytes, using 'standard' format.
[    0.000000] BIOS-provided physical RAM map:
[    0.000000] BIOS-e820: [mem 0x0000000000000000-0x000000000009ebff] usable
[    0.000000] BIOS-e820: [mem 0x000000000009ec00-0x000000000009ffff] reserved
[    0.000000] BIOS-e820: [mem 0x00000000000e0000-0x00000000000fffff] reserved
[    0.000000] BIOS-e820: [mem 0x0000000000100000-0x00000000b85a2fff] usable
[    0.000000] BIOS-e820: [mem 0x00000000b85a3000-0x00000000b99b3fff] reserved
[    0.000000] BIOS-e820: [mem 0x00000000b99b4000-0x00000000b99ccfff] ACPI data
[    0.000000] BIOS-e820: [mem 0x00000000b99cd000-0x00000000ba125fff] ACPI NVS
[    0.000000] BIOS-e820: [mem 0x00000000ba126000-0x00000000bbdadfff] reserved
[    0.000000] BIOS-e820: [mem 0x00000000bbdae000-0x00000000bbdaefff] usable
[    0.000000] BIOS-e820: [mem 0x00000000bbdaf000-0x00000000bbe34fff] reserved
[    0.000000] BIOS-e820: [mem 0x00000000bbe35000-0x00000000bbffffff] usable
[    0.000000] BIOS-e820: [mem 0x00000000bc000000-0x00000000cfffffff] reserved
[    0.000000] BIOS-e820: [mem 0x00000000fed1c000-0x00000000fed1ffff] reserved
[    0.000000] BIOS-e820: [mem 0x00000000ff000000-0x00000000ffffffff] reserved
[    0.000000] BIOS-e820: [mem 0x0000000100000000-0x0000000e3fffffff] usable
[    0.000000] NX (Execute Disable) protection: active
[    0.000000] SMBIOS 3.0.0 present.
[    0.000000] DMI: ASRockRack 2U4N-F/X200/X200D6HM, BIOS L1.02 05/11/2018
[    0.000000] tsc: Fast TSC calibration using PIT
[    0.000000] tsc: Detected 1300.004 MHz processor
[    0.003069] e820: update [mem 0x00000000-0x00000fff] usable ==> reserved
[    0.003075] e820: remove [mem 0x000a0000-0x000fffff] usable
[    0.003090] last_pfn = 0xe40000 max_arch_pfn = 0x400000000
[    0.003100] MTRR default type: uncachable
[    0.003103] MTRR fixed ranges enabled:
[    0.003108]   00000-9FFFF write-back
[    0.003111]   A0000-BFFFF uncachable
[    0.003115]   C0000-FFFFF write-protect
[    0.003117] MTRR variable ranges enabled:
[    0.003122]   0 base 000000000000 mask 3FF800000000 write-back
[    0.003126]   1 base 0000C0000000 mask 3FFFC0000000 uncachable
[    0.003128]   2 disabled
[    0.003131]   3 disabled
[    0.003133]   4 disabled
[    0.003137]   5 base 000800000000 mask 3FF800000000 write-back
[    0.003139]   6 disabled
[    0.003141]   7 disabled
[    0.003143]   8 disabled
[    0.003145]   9 disabled
[    0.003721] x86/PAT: Configuration [0-7]: WB  WC  UC- UC  WB  WP  UC- WT  
[    0.003985] e820: update [mem 0xc0000000-0xffffffff] usable ==> reserved
[    0.004003] x2apic: enabled by BIOS, switching to x2apic ops
[    0.004006] last_pfn = 0xbc000 max_arch_pfn = 0x400000000
[    0.017540] found SMP MP-table at [mem 0x000fcba0-0x000fcbaf]
[    0.018139] Using GB pages for direct mapping
[    0.018147] BRK [0x15401000, 0x15401fff] PGTABLE
[    0.018153] BRK [0x15402000, 0x15402fff] PGTABLE
[    0.018158] BRK [0x15403000, 0x15403fff] PGTABLE
[    0.018279] BRK [0x15404000, 0x15404fff] PGTABLE
[    0.018838] BRK [0x15405000, 0x15405fff] PGTABLE
[    0.018928] BRK [0x15406000, 0x15406fff] PGTABLE
[    0.019066] RAMDISK: [mem 0x338dd000-0x35c65fff]
[    0.019081] ACPI: Early table checksum verification disabled
[    0.019184] ACPI: RSDP 0x00000000000F05B0 000024 (v02 ALASKA)
[    0.019193] ACPI: XSDT 0x00000000B9B310B0 0000DC (v01 ALASKA A M I    01072009 AMI  00010013)
[    0.019210] ACPI: FACP 0x00000000B9B440E8 000114 (v06 ALASKA A M I    01072009 AMI  00010013)
[    0.019228] ACPI: DSDT 0x00000000B9B31220 012EC3 (v02 ALASKA A M I    01072009 INTL 20140828)
[    0.019238] ACPI: FACS 0x00000000BA124080 000040
[    0.019246] ACPI: FPDT 0x00000000B9B44200 000044 (v01 ALASKA A M I    01072009 AMI  00010013)
[    0.019256] ACPI: SPMI 0x00000000B9B44248 000041 (v05 ALASKA A M I    00000000 AMI. 00000000)
[    0.019266] ACPI: FIDT 0x00000000B9B44290 00009C (v01 ALASKA A M I    01072009 AMI  00010013)
[    0.019276] ACPI: MCFG 0x00000000B9B44330 00003C (v01 ALASKA A M I    01072009 MSFT 00000097)
[    0.019286] ACPI: AAFT 0x00000000B9B44370 00003D (v01 ALASKA OEMAAFT  01072009 MSFT 00000097)
[    0.019295] ACPI: UEFI 0x00000000B9B443B0 000042 (v01 ALASKA A M I    01072009      01000013)
[    0.019305] ACPI: HPET 0x00000000B9B443F8 000038 (v01 ALASKA A M I    00000001 INTL 20140828)
[    0.019315] ACPI: APIC 0x00000000B9B44430 000972 (v03 ALASKA A M I    00000000 INTL 20140828)
[    0.019324] ACPI: MSCT 0x00000000B9B44DA8 0000E8 (v01 ALASKA A M I    00000001 INTL 20140828)
[    0.019334] ACPI: PMTT 0x00000000B9B44E90 000118 (v01 ALASKA A M I    00000001 INTL 20140828)
[    0.019344] ACPI: SLIT 0x00000000B9B44FA8 000030 (v01 ALASKA A M I    00000001 INTL 20140828)
[    0.019353] ACPI: SRAT 0x00000000B9B44FD8 0015F8 (v03 ALASKA A M I    00000003 INTL 20140828)
[    0.019363] ACPI: WDDT 0x00000000B9B465D0 000040 (v01 ALASKA A M I    00000000 INTL 20140828)
[    0.019372] ACPI: SSDT 0x00000000B9B46610 039545 (v02 INTEL  SSDT  PM 00004000 INTL 20140828)
[    0.019382] ACPI: OEM1 0x00000000B9B7FB58 022E44 (v02 INTEL  OEM1 CST 00004000 INTL 20140828)
[    0.019391] ACPI: OEM1 0x00000000B9BA29A0 030FE4 (v02 INTEL  OEM1 PST 00004000 INTL 20140828)
[    0.019401] ACPI: OEM1 0x00000000B9BD3988 006699 (v02 INTEL  OEM1PDMN 00004000 INTL 20140828)
[    0.019411] ACPI: OEM1 0x00000000B9BDA028 022854 (v02 INTEL  OEM1 TST 00004000 INTL 20140828)
[    0.019420] ACPI: OEM1 0x00000000B9BFC880 0030D4 (v02 INTEL  OEM1TDMN 00004000 INTL 20140828)
[    0.019430] ACPI: SPCR 0x00000000B9BFF958 000050 (v02 A M I  APTIO V  01072009 AMI. 0005000C)
[    0.019439] ACPI: SSDT 0x00000000B9BFF9A8 003121 (v02 ALASKA SpsNm    00000002 INTL 20140828)
[    0.019449] ACPI: DMAR 0x00000000B9C02AD0 000090 (v01 ALASKA A M I    00000001 INTL 20140828)
[    0.019473] ACPI: Local APIC address 0xfee00000
[    0.019478] Setting APIC routing to cluster x2apic.
[    0.019583] SRAT: PXM 0 -> APIC 0x00 -> Node 0
[    0.019586] SRAT: PXM 0 -> APIC 0x04 -> Node 0
[    0.019589] SRAT: PXM 0 -> APIC 0x08 -> Node 0
[    0.019591] SRAT: PXM 0 -> APIC 0x0c -> Node 0
[    0.019594] SRAT: PXM 0 -> APIC 0x18 -> Node 0
[    0.019596] SRAT: PXM 0 -> APIC 0x1c -> Node 0
[    0.019599] SRAT: PXM 0 -> APIC 0x28 -> Node 0
[    0.019601] SRAT: PXM 0 -> APIC 0x2c -> Node 0
[    0.019604] SRAT: PXM 0 -> APIC 0x30 -> Node 0
[    0.019606] SRAT: PXM 0 -> APIC 0x34 -> Node 0
[    0.019608] SRAT: PXM 0 -> APIC 0x38 -> Node 0
[    0.019611] SRAT: PXM 0 -> APIC 0x3c -> Node 0
[    0.019613] SRAT: PXM 0 -> APIC 0x48 -> Node 0
[    0.019615] SRAT: PXM 0 -> APIC 0x4c -> Node 0
[    0.019618] SRAT: PXM 0 -> APIC 0x50 -> Node 0
[    0.019620] SRAT: PXM 0 -> APIC 0x54 -> Node 0
[    0.019623] SRAT: PXM 0 -> APIC 0x58 -> Node 0
[    0.019625] SRAT: PXM 0 -> APIC 0x5c -> Node 0
[    0.019627] SRAT: PXM 0 -> APIC 0x60 -> Node 0
[    0.019630] SRAT: PXM 0 -> APIC 0x64 -> Node 0
[    0.019632] SRAT: PXM 0 -> APIC 0x68 -> Node 0
[    0.019634] SRAT: PXM 0 -> APIC 0x6c -> Node 0
[    0.019637] SRAT: PXM 0 -> APIC 0x70 -> Node 0
[    0.019639] SRAT: PXM 0 -> APIC 0x74 -> Node 0
[    0.019642] SRAT: PXM 0 -> APIC 0x78 -> Node 0
[    0.019644] SRAT: PXM 0 -> APIC 0x7c -> Node 0
[    0.019646] SRAT: PXM 0 -> APIC 0x80 -> Node 0
[    0.019649] SRAT: PXM 0 -> APIC 0x84 -> Node 0
[    0.019651] SRAT: PXM 0 -> APIC 0x88 -> Node 0
[    0.019653] SRAT: PXM 0 -> APIC 0x8c -> Node 0
[    0.019656] SRAT: PXM 0 -> APIC 0x90 -> Node 0
[    0.019658] SRAT: PXM 0 -> APIC 0x94 -> Node 0
[    0.019660] SRAT: PXM 0 -> APIC 0x98 -> Node 0
[    0.019663] SRAT: PXM 0 -> APIC 0x9c -> Node 0
[    0.019665] SRAT: PXM 0 -> APIC 0xa0 -> Node 0
[    0.019668] SRAT: PXM 0 -> APIC 0xa4 -> Node 0
[    0.019670] SRAT: PXM 0 -> APIC 0xa8 -> Node 0
[    0.019672] SRAT: PXM 0 -> APIC 0xac -> Node 0
[    0.019675] SRAT: PXM 0 -> APIC 0xb0 -> Node 0
[    0.019677] SRAT: PXM 0 -> APIC 0xb4 -> Node 0
[    0.019679] SRAT: PXM 0 -> APIC 0xb8 -> Node 0
[    0.019682] SRAT: PXM 0 -> APIC 0xbc -> Node 0
[    0.019684] SRAT: PXM 0 -> APIC 0xc0 -> Node 0
[    0.019686] SRAT: PXM 0 -> APIC 0xc4 -> Node 0
[    0.019689] SRAT: PXM 0 -> APIC 0xc8 -> Node 0
[    0.019691] SRAT: PXM 0 -> APIC 0xcc -> Node 0
[    0.019693] SRAT: PXM 0 -> APIC 0xd0 -> Node 0
[    0.019696] SRAT: PXM 0 -> APIC 0xd4 -> Node 0
[    0.019698] SRAT: PXM 0 -> APIC 0xe0 -> Node 0
[    0.019701] SRAT: PXM 0 -> APIC 0xe4 -> Node 0
[    0.019703] SRAT: PXM 0 -> APIC 0xe8 -> Node 0
[    0.019705] SRAT: PXM 0 -> APIC 0xec -> Node 0
[    0.019708] SRAT: PXM 0 -> APIC 0xf0 -> Node 0
[    0.019710] SRAT: PXM 0 -> APIC 0xf4 -> Node 0
[    0.019712] SRAT: PXM 0 -> APIC 0xf8 -> Node 0
[    0.019715] SRAT: PXM 0 -> APIC 0xfc -> Node 0
[    0.019717] SRAT: PXM 0 -> APIC 0x01 -> Node 0
[    0.019720] SRAT: PXM 0 -> APIC 0x05 -> Node 0
[    0.019722] SRAT: PXM 0 -> APIC 0x09 -> Node 0
[    0.019724] SRAT: PXM 0 -> APIC 0x0d -> Node 0
[    0.019727] SRAT: PXM 0 -> APIC 0x19 -> Node 0
[    0.019729] SRAT: PXM 0 -> APIC 0x1d -> Node 0
[    0.019731] SRAT: PXM 0 -> APIC 0x29 -> Node 0
[    0.019734] SRAT: PXM 0 -> APIC 0x2d -> Node 0
[    0.019736] SRAT: PXM 0 -> APIC 0x31 -> Node 0
[    0.019738] SRAT: PXM 0 -> APIC 0x35 -> Node 0
[    0.019741] SRAT: PXM 0 -> APIC 0x39 -> Node 0
[    0.019743] SRAT: PXM 0 -> APIC 0x3d -> Node 0
[    0.019746] SRAT: PXM 0 -> APIC 0x49 -> Node 0
[    0.019748] SRAT: PXM 0 -> APIC 0x4d -> Node 0
[    0.019750] SRAT: PXM 0 -> APIC 0x51 -> Node 0
[    0.019753] SRAT: PXM 0 -> APIC 0x55 -> Node 0
[    0.019755] SRAT: PXM 0 -> APIC 0x59 -> Node 0
[    0.019757] SRAT: PXM 0 -> APIC 0x5d -> Node 0
[    0.019760] SRAT: PXM 0 -> APIC 0x61 -> Node 0
[    0.019762] SRAT: PXM 0 -> APIC 0x65 -> Node 0
[    0.019764] SRAT: PXM 0 -> APIC 0x69 -> Node 0
[    0.019767] SRAT: PXM 0 -> APIC 0x6d -> Node 0
[    0.019769] SRAT: PXM 0 -> APIC 0x71 -> Node 0
[    0.019772] SRAT: PXM 0 -> APIC 0x75 -> Node 0
[    0.019774] SRAT: PXM 0 -> APIC 0x79 -> Node 0
[    0.019776] SRAT: PXM 0 -> APIC 0x7d -> Node 0
[    0.019779] SRAT: PXM 0 -> APIC 0x81 -> Node 0
[    0.019781] SRAT: PXM 0 -> APIC 0x85 -> Node 0
[    0.019783] SRAT: PXM 0 -> APIC 0x89 -> Node 0
[    0.019786] SRAT: PXM 0 -> APIC 0x8d -> Node 0
[    0.019788] SRAT: PXM 0 -> APIC 0x91 -> Node 0
[    0.019791] SRAT: PXM 0 -> APIC 0x95 -> Node 0
[    0.019793] SRAT: PXM 0 -> APIC 0x99 -> Node 0
[    0.019795] SRAT: PXM 0 -> APIC 0x9d -> Node 0
[    0.019798] SRAT: PXM 0 -> APIC 0xa1 -> Node 0
[    0.019800] SRAT: PXM 0 -> APIC 0xa5 -> Node 0
[    0.019802] SRAT: PXM 0 -> APIC 0xa9 -> Node 0
[    0.019805] SRAT: PXM 0 -> APIC 0xad -> Node 0
[    0.019807] SRAT: PXM 0 -> APIC 0xb1 -> Node 0
[    0.019809] SRAT: PXM 0 -> APIC 0xb5 -> Node 0
[    0.019812] SRAT: PXM 0 -> APIC 0xb9 -> Node 0
[    0.019814] SRAT: PXM 0 -> APIC 0xbd -> Node 0
[    0.019816] SRAT: PXM 0 -> APIC 0xc1 -> Node 0
[    0.019819] SRAT: PXM 0 -> APIC 0xc5 -> Node 0
[    0.019821] SRAT: PXM 0 -> APIC 0xc9 -> Node 0
[    0.019824] SRAT: PXM 0 -> APIC 0xcd -> Node 0
[    0.019826] SRAT: PXM 0 -> APIC 0xd1 -> Node 0
[    0.019828] SRAT: PXM 0 -> APIC 0xd5 -> Node 0
[    0.019831] SRAT: PXM 0 -> APIC 0xe1 -> Node 0
[    0.019833] SRAT: PXM 0 -> APIC 0xe5 -> Node 0
[    0.019835] SRAT: PXM 0 -> APIC 0xe9 -> Node 0
[    0.019838] SRAT: PXM 0 -> APIC 0xed -> Node 0
[    0.019840] SRAT: PXM 0 -> APIC 0xf1 -> Node 0
[    0.019843] SRAT: PXM 0 -> APIC 0xf5 -> Node 0
[    0.019845] SRAT: PXM 0 -> APIC 0xf9 -> Node 0
[    0.019847] SRAT: PXM 0 -> APIC 0xfd -> Node 0
[    0.019850] SRAT: PXM 0 -> APIC 0x02 -> Node 0
[    0.019852] SRAT: PXM 0 -> APIC 0x06 -> Node 0
[    0.019854] SRAT: PXM 0 -> APIC 0x0a -> Node 0
[    0.019857] SRAT: PXM 0 -> APIC 0x0e -> Node 0
[    0.019859] SRAT: PXM 0 -> APIC 0x1a -> Node 0
[    0.019861] SRAT: PXM 0 -> APIC 0x1e -> Node 0
[    0.019864] SRAT: PXM 0 -> APIC 0x2a -> Node 0
[    0.019866] SRAT: PXM 0 -> APIC 0x2e -> Node 0
[    0.019869] SRAT: PXM 0 -> APIC 0x32 -> Node 0
[    0.019871] SRAT: PXM 0 -> APIC 0x36 -> Node 0
[    0.019873] SRAT: PXM 0 -> APIC 0x3a -> Node 0
[    0.019876] SRAT: PXM 0 -> APIC 0x3e -> Node 0
[    0.019878] SRAT: PXM 0 -> APIC 0x4a -> Node 0
[    0.019880] SRAT: PXM 0 -> APIC 0x4e -> Node 0
[    0.019883] SRAT: PXM 0 -> APIC 0x52 -> Node 0
[    0.019885] SRAT: PXM 0 -> APIC 0x56 -> Node 0
[    0.019887] SRAT: PXM 0 -> APIC 0x5a -> Node 0
[    0.019890] SRAT: PXM 0 -> APIC 0x5e -> Node 0
[    0.019892] SRAT: PXM 0 -> APIC 0x62 -> Node 0
[    0.019895] SRAT: PXM 0 -> APIC 0x66 -> Node 0
[    0.019897] SRAT: PXM 0 -> APIC 0x6a -> Node 0
[    0.019899] SRAT: PXM 0 -> APIC 0x6e -> Node 0
[    0.019902] SRAT: PXM 0 -> APIC 0x72 -> Node 0
[    0.019904] SRAT: PXM 0 -> APIC 0x76 -> Node 0
[    0.019906] SRAT: PXM 0 -> APIC 0x7a -> Node 0
[    0.019909] SRAT: PXM 0 -> APIC 0x7e -> Node 0
[    0.019911] SRAT: PXM 0 -> APIC 0x82 -> Node 0
[    0.019914] SRAT: PXM 0 -> APIC 0x86 -> Node 0
[    0.019916] SRAT: PXM 0 -> APIC 0x8a -> Node 0
[    0.019918] SRAT: PXM 0 -> APIC 0x8e -> Node 0
[    0.019921] SRAT: PXM 0 -> APIC 0x92 -> Node 0
[    0.019923] SRAT: PXM 0 -> APIC 0x96 -> Node 0
[    0.019925] SRAT: PXM 0 -> APIC 0x9a -> Node 0
[    0.019928] SRAT: PXM 0 -> APIC 0x9e -> Node 0
[    0.019930] SRAT: PXM 0 -> APIC 0xa2 -> Node 0
[    0.019933] SRAT: PXM 0 -> APIC 0xa6 -> Node 0
[    0.019935] SRAT: PXM 0 -> APIC 0xaa -> Node 0
[    0.019937] SRAT: PXM 0 -> APIC 0xae -> Node 0
[    0.019940] SRAT: PXM 0 -> APIC 0xb2 -> Node 0
[    0.019942] SRAT: PXM 0 -> APIC 0xb6 -> Node 0
[    0.019944] SRAT: PXM 0 -> APIC 0xba -> Node 0
[    0.019947] SRAT: PXM 0 -> APIC 0xbe -> Node 0
[    0.019949] SRAT: PXM 0 -> APIC 0xc2 -> Node 0
[    0.019951] SRAT: PXM 0 -> APIC 0xc6 -> Node 0
[    0.019954] SRAT: PXM 0 -> APIC 0xca -> Node 0
[    0.019956] SRAT: PXM 0 -> APIC 0xce -> Node 0
[    0.019958] SRAT: PXM 0 -> APIC 0xd2 -> Node 0
[    0.019961] SRAT: PXM 0 -> APIC 0xd6 -> Node 0
[    0.019963] SRAT: PXM 0 -> APIC 0xe2 -> Node 0
[    0.019966] SRAT: PXM 0 -> APIC 0xe6 -> Node 0
[    0.019968] SRAT: PXM 0 -> APIC 0xea -> Node 0
[    0.019970] SRAT: PXM 0 -> APIC 0xee -> Node 0
[    0.019973] SRAT: PXM 0 -> APIC 0xf2 -> Node 0
[    0.019975] SRAT: PXM 0 -> APIC 0xf6 -> Node 0
[    0.019977] SRAT: PXM 0 -> APIC 0xfa -> Node 0
[    0.019980] SRAT: PXM 0 -> APIC 0xfe -> Node 0
[    0.019982] SRAT: PXM 0 -> APIC 0x03 -> Node 0
[    0.019984] SRAT: PXM 0 -> APIC 0x07 -> Node 0
[    0.019987] SRAT: PXM 0 -> APIC 0x0b -> Node 0
[    0.019989] SRAT: PXM 0 -> APIC 0x0f -> Node 0
[    0.019992] SRAT: PXM 0 -> APIC 0x1b -> Node 0
[    0.019994] SRAT: PXM 0 -> APIC 0x1f -> Node 0
[    0.019996] SRAT: PXM 0 -> APIC 0x2b -> Node 0
[    0.019999] SRAT: PXM 0 -> APIC 0x2f -> Node 0
[    0.020001] SRAT: PXM 0 -> APIC 0x33 -> Node 0
[    0.020003] SRAT: PXM 0 -> APIC 0x37 -> Node 0
[    0.020006] SRAT: PXM 0 -> APIC 0x3b -> Node 0
[    0.020008] SRAT: PXM 0 -> APIC 0x3f -> Node 0
[    0.020010] SRAT: PXM 0 -> APIC 0x4b -> Node 0
[    0.020013] SRAT: PXM 0 -> APIC 0x4f -> Node 0
[    0.020015] SRAT: PXM 0 -> APIC 0x53 -> Node 0
[    0.020018] SRAT: PXM 0 -> APIC 0x57 -> Node 0
[    0.020020] SRAT: PXM 0 -> APIC 0x5b -> Node 0
[    0.020022] SRAT: PXM 0 -> APIC 0x5f -> Node 0
[    0.020025] SRAT: PXM 0 -> APIC 0x63 -> Node 0
[    0.020027] SRAT: PXM 0 -> APIC 0x67 -> Node 0
[    0.020029] SRAT: PXM 0 -> APIC 0x6b -> Node 0
[    0.020032] SRAT: PXM 0 -> APIC 0x6f -> Node 0
[    0.020034] SRAT: PXM 0 -> APIC 0x73 -> Node 0
[    0.020037] SRAT: PXM 0 -> APIC 0x77 -> Node 0
[    0.020039] SRAT: PXM 0 -> APIC 0x7b -> Node 0
[    0.020041] SRAT: PXM 0 -> APIC 0x7f -> Node 0
[    0.020044] SRAT: PXM 0 -> APIC 0x83 -> Node 0
[    0.020046] SRAT: PXM 0 -> APIC 0x87 -> Node 0
[    0.020048] SRAT: PXM 0 -> APIC 0x8b -> Node 0
[    0.020051] SRAT: PXM 0 -> APIC 0x8f -> Node 0
[    0.020053] SRAT: PXM 0 -> APIC 0x93 -> Node 0
[    0.020056] SRAT: PXM 0 -> APIC 0x97 -> Node 0
[    0.020058] SRAT: PXM 0 -> APIC 0x9b -> Node 0
[    0.020060] SRAT: PXM 0 -> APIC 0x9f -> Node 0
[    0.020063] SRAT: PXM 0 -> APIC 0xa3 -> Node 0
[    0.020065] SRAT: PXM 0 -> APIC 0xa7 -> Node 0
[    0.020067] SRAT: PXM 0 -> APIC 0xab -> Node 0
[    0.020070] SRAT: PXM 0 -> APIC 0xaf -> Node 0
[    0.020072] SRAT: PXM 0 -> APIC 0xb3 -> Node 0
[    0.020074] SRAT: PXM 0 -> APIC 0xb7 -> Node 0
[    0.020077] SRAT: PXM 0 -> APIC 0xbb -> Node 0
[    0.020079] SRAT: PXM 0 -> APIC 0xbf -> Node 0
[    0.020082] SRAT: PXM 0 -> APIC 0xc3 -> Node 0
[    0.020084] SRAT: PXM 0 -> APIC 0xc7 -> Node 0
[    0.020086] SRAT: PXM 0 -> APIC 0xcb -> Node 0
[    0.020089] SRAT: PXM 0 -> APIC 0xcf -> Node 0
[    0.020091] SRAT: PXM 0 -> APIC 0xd3 -> Node 0
[    0.020093] SRAT: PXM 0 -> APIC 0xd7 -> Node 0
[    0.020096] SRAT: PXM 0 -> APIC 0xe3 -> Node 0
[    0.020098] SRAT: PXM 0 -> APIC 0xe7 -> Node 0
[    0.020100] SRAT: PXM 0 -> APIC 0xeb -> Node 0
[    0.020103] SRAT: PXM 0 -> APIC 0xef -> Node 0
[    0.020105] SRAT: PXM 0 -> APIC 0xf3 -> Node 0
[    0.020108] SRAT: PXM 0 -> APIC 0xf7 -> Node 0
[    0.020110] SRAT: PXM 0 -> APIC 0xfb -> Node 0
[    0.020117] SRAT: PXM 0 -> APIC 0x0100 -> Node 0
[    0.020120] SRAT: PXM 0 -> APIC 0x0104 -> Node 0
[    0.020122] SRAT: PXM 0 -> APIC 0x0110 -> Node 0
[    0.020125] SRAT: PXM 0 -> APIC 0x0114 -> Node 0
[    0.020127] SRAT: PXM 0 -> APIC 0x0118 -> Node 0
[    0.020130] SRAT: PXM 0 -> APIC 0x011c -> Node 0
[    0.020132] SRAT: PXM 0 -> APIC 0x0120 -> Node 0
[    0.020135] SRAT: PXM 0 -> APIC 0x0124 -> Node 0
[    0.020137] SRAT: PXM 0 -> APIC 0x0101 -> Node 0
[    0.020140] SRAT: PXM 0 -> APIC 0x0105 -> Node 0
[    0.020142] SRAT: PXM 0 -> APIC 0x0111 -> Node 0
[    0.020145] SRAT: PXM 0 -> APIC 0x0115 -> Node 0
[    0.020147] SRAT: PXM 0 -> APIC 0x0119 -> Node 0
[    0.020149] SRAT: PXM 0 -> APIC 0x011d -> Node 0
[    0.020152] SRAT: PXM 0 -> APIC 0x0121 -> Node 0
[    0.020154] SRAT: PXM 0 -> APIC 0x0125 -> Node 0
[    0.020157] SRAT: PXM 0 -> APIC 0x0102 -> Node 0
[    0.020159] SRAT: PXM 0 -> APIC 0x0106 -> Node 0
[    0.020162] SRAT: PXM 0 -> APIC 0x0112 -> Node 0
[    0.020164] SRAT: PXM 0 -> APIC 0x0116 -> Node 0
[    0.020167] SRAT: PXM 0 -> APIC 0x011a -> Node 0
[    0.020169] SRAT: PXM 0 -> APIC 0x011e -> Node 0
[    0.020172] SRAT: PXM 0 -> APIC 0x0122 -> Node 0
[    0.020174] SRAT: PXM 0 -> APIC 0x0126 -> Node 0
[    0.020177] SRAT: PXM 0 -> APIC 0x00ff -> Node 0
[    0.020179] SRAT: PXM 0 -> APIC 0x0103 -> Node 0
[    0.020181] SRAT: PXM 0 -> APIC 0x0107 -> Node 0
[    0.020184] SRAT: PXM 0 -> APIC 0x0113 -> Node 0
[    0.020186] SRAT: PXM 0 -> APIC 0x0117 -> Node 0
[    0.020189] SRAT: PXM 0 -> APIC 0x011b -> Node 0
[    0.020191] SRAT: PXM 0 -> APIC 0x011f -> Node 0
[    0.020194] SRAT: PXM 0 -> APIC 0x0123 -> Node 0
[    0.020196] SRAT: PXM 0 -> APIC 0x0127 -> Node 0
[    0.020212] ACPI: SRAT: Node 0 PXM 0 [mem 0x00000000-0xa3fffffff]
[    0.020216] ACPI: SRAT: Node 1 PXM 1 [mem 0xa40000000-0xe3fffffff] hotplug
[    0.020227] NUMA: Initialized distance table, cnt=2
[    0.020244] NODE_DATA(0) allocated [mem 0xa3fffb000-0xa3fffffff]
[    0.020254] NODE_DATA(1) allocated [mem 0xe3fff8000-0xe3fffcfff]
[    0.020492] Zone ranges:
[    0.020495]   DMA      [mem 0x0000000000001000-0x0000000000ffffff]
[    0.020500]   DMA32    [mem 0x0000000001000000-0x00000000ffffffff]
[    0.020503]   Normal   [mem 0x0000000100000000-0x0000000e3fffffff]
[    0.020506]   Device   empty
[    0.020509] Movable zone start for each node
[    0.020512] Early memory node ranges
[    0.020515]   node   0: [mem 0x0000000000001000-0x000000000009dfff]
[    0.020518]   node   0: [mem 0x0000000000100000-0x00000000b85a2fff]
[    0.020520]   node   0: [mem 0x00000000bbdae000-0x00000000bbdaefff]
[    0.020523]   node   0: [mem 0x00000000bbe35000-0x00000000bbffffff]
[    0.020526]   node   0: [mem 0x0000000100000000-0x0000000a3fffffff]
[    0.020528]   node   1: [mem 0x0000000a40000000-0x0000000e3fffffff]
[    0.021635] Zeroed struct page in unavailable ranges: 30964 pages
[    0.021640] Initmem setup node 0 [mem 0x0000000000001000-0x0000000a3fffffff]
[    0.021646] On node 0 totalpages: 10454796
[    0.021651]   DMA zone: 64 pages used for memmap
[    0.021653]   DMA zone: 21 pages reserved
[    0.021656]   DMA zone: 3997 pages, LIFO batch:0
[    0.021874]   DMA32 zone: 11742 pages used for memmap
[    0.021877]   DMA32 zone: 751471 pages, LIFO batch:63
[    0.065892]   Normal zone: 151552 pages used for memmap
[    0.065895]   Normal zone: 9699328 pages, LIFO batch:63
[    0.559173] Initmem setup node 1 [mem 0x0000000a40000000-0x0000000e3fffffff]
[    0.559178] On node 1 totalpages: 4194304
[    0.559182]   Normal zone: 65536 pages used for memmap
[    0.559184]   Normal zone: 4194304 pages, LIFO batch:63
[    0.777898] ACPI: PM-Timer IO Port: 0x408
[    0.777906] ACPI: Local APIC address 0xfee00000
[    0.778079] ACPI: X2APIC_NMI (uid[0xffffffff] high level lint[0x1])
[    0.778090] ACPI: LAPIC_NMI (acpi_id[0xff] high level lint[0x1])
[    0.778116] IOAPIC[0]: apic_id 1, version 32, address 0xfec00000, GSI 0-23
[    0.778124] IOAPIC[1]: apic_id 2, version 32, address 0xfec01000, GSI 24-47
[    0.778136] ACPI: INT_SRC_OVR (bus 0 bus_irq 0 global_irq 2 dfl dfl)
[    0.778141] ACPI: INT_SRC_OVR (bus 0 bus_irq 9 global_irq 9 high level)
[    0.778146] ACPI: IRQ0 used by override.
[    0.778149] ACPI: IRQ9 used by override.
[    0.778161] Using ACPI (MADT) for SMP configuration information
[    0.778165] ACPI: HPET id: 0x8086a701 base: 0xfed00000
[    0.778181] ACPI: SPCR: console: uart,io,0x3f8,115200
[    0.778190] smpboot: Allowing 256 CPUs, 0 hotplug CPUs
[    0.778258] PM: Registered nosave memory: [mem 0x00000000-0x00000fff]
[    0.778264] PM: Registered nosave memory: [mem 0x0009e000-0x0009efff]
[    0.778266] PM: Registered nosave memory: [mem 0x0009f000-0x0009ffff]
[    0.778269] PM: Registered nosave memory: [mem 0x000a0000-0x000dffff]
[    0.778271] PM: Registered nosave memory: [mem 0x000e0000-0x000fffff]
[    0.778276] PM: Registered nosave memory: [mem 0xb85a3000-0xb99b3fff]
[    0.778279] PM: Registered nosave memory: [mem 0xb99b4000-0xb99ccfff]
[    0.778281] PM: Registered nosave memory: [mem 0xb99cd000-0xba125fff]
[    0.778283] PM: Registered nosave memory: [mem 0xba126000-0xbbdadfff]
[    0.778289] PM: Registered nosave memory: [mem 0xbbdaf000-0xbbe34fff]
[    0.778294] PM: Registered nosave memory: [mem 0xbc000000-0xcfffffff]
[    0.778297] PM: Registered nosave memory: [mem 0xd0000000-0xfed1bfff]
[    0.778299] PM: Registered nosave memory: [mem 0xfed1c000-0xfed1ffff]
[    0.778301] PM: Registered nosave memory: [mem 0xfed20000-0xfeffffff]
[    0.778303] PM: Registered nosave memory: [mem 0xff000000-0xffffffff]
[    0.778310] [mem 0xd0000000-0xfed1bfff] available for PCI devices
[    0.778312] Booting paravirtualized kernel on bare hardware
[    0.778322] clocksource: refined-jiffies: mask: 0xffffffff max_cycles: 0xffffffff, max_idle_ns: 7645519600211568 ns
[    1.055150] setup_percpu: NR_CPUS:512 nr_cpumask_bits:512 nr_cpu_ids:256 nr_node_ids:2
[    1.089633] percpu: Embedded 53 pages/cpu s176984 r8192 d31912 u262144
[    1.089693] pcpu-alloc: s176984 r8192 d31912 u262144 alloc=1*2097152
[    1.089696] pcpu-alloc: [0] 000 001 002 003 004 005 006 007 
[    1.089705] pcpu-alloc: [0] 008 009 010 011 012 013 014 015 
[    1.089713] pcpu-alloc: [0] 016 017 018 019 020 021 022 023 
[    1.089721] pcpu-alloc: [0] 024 025 026 027 028 029 030 031 
[    1.089729] pcpu-alloc: [0] 032 033 034 035 036 037 038 039 
[    1.089737] pcpu-alloc: [0] 040 041 042 043 044 045 046 047 
[    1.089745] pcpu-alloc: [0] 048 049 050 051 052 053 054 055 
[    1.089753] pcpu-alloc: [0] 056 057 058 059 060 061 062 063 
[    1.089761] pcpu-alloc: [0] 064 065 066 067 068 069 070 071 
[    1.089769] pcpu-alloc: [0] 072 073 074 075 076 077 078 079 
[    1.089777] pcpu-alloc: [0] 080 081 082 083 084 085 086 087 
[    1.089785] pcpu-alloc: [0] 088 089 090 091 092 093 094 095 
[    1.089793] pcpu-alloc: [0] 096 097 098 099 100 101 102 103 
[    1.089801] pcpu-alloc: [0] 104 105 106 107 108 109 110 111 
[    1.089810] pcpu-alloc: [0] 112 113 114 115 116 117 118 119 
[    1.089818] pcpu-alloc: [0] 120 121 122 123 124 125 126 127 
[    1.089826] pcpu-alloc: [0] 128 129 130 131 132 133 134 135 
[    1.089834] pcpu-alloc: [0] 136 137 138 139 140 141 142 143 
[    1.089842] pcpu-alloc: [0] 144 145 146 147 148 149 150 151 
[    1.089851] pcpu-alloc: [0] 152 153 154 155 156 157 158 159 
[    1.089859] pcpu-alloc: [0] 160 161 162 163 164 165 166 167 
[    1.089867] pcpu-alloc: [0] 168 169 170 171 172 173 174 175 
[    1.089875] pcpu-alloc: [0] 176 177 178 179 180 181 182 183 
[    1.089884] pcpu-alloc: [0] 184 185 186 187 188 189 190 191 
[    1.089892] pcpu-alloc: [0] 192 193 194 195 196 197 198 199 
[    1.089900] pcpu-alloc: [0] 200 201 202 203 204 205 206 207 
[    1.089908] pcpu-alloc: [0] 208 209 210 211 212 213 214 215 
[    1.089917] pcpu-alloc: [0] 216 217 218 219 220 221 222 223 
[    1.089925] pcpu-alloc: [0] 224 225 226 227 228 229 230 231 
[    1.089933] pcpu-alloc: [0] 232 233 234 235 236 237 238 239 
[    1.089941] pcpu-alloc: [0] 240 241 242 243 244 245 246 247 
[    1.089950] pcpu-alloc: [0] 248 249 250 251 252 253 254 255 
[    1.090127] Built 2 zonelists, mobility grouping on.  Total pages: 14420185
[    1.090131] Policy zone: Normal
[    1.090137] Kernel command line: BOOT_IMAGE=/boot/vmlinuz-5.2.0-3-amd64 root=UUID=2b8bd1df-8a5e-4d6e-98ef-fe21dd239dd1 ro quiet
[    1.090275] printk: log_buf_len individual max cpu contribution: 4096 bytes
[    1.090277] printk: log_buf_len total cpu_extra contributions: 1044480 bytes
[    1.090279] printk: log_buf_len min size: 131072 bytes
[    1.090889] printk: log_buf_len: 2097152 bytes
[    1.090892] printk: early log buf free: 103664(79%)
[    1.121855] Calgary: detecting Calgary via BIOS EBDA area
[    1.121859] Calgary: Unable to locate Rio Grande table in EBDA - bailing!
[    1.643304] Memory: 57495184K/58596400K available (10243K kernel code, 1186K rwdata, 3520K rodata, 1640K init, 2168K bss, 1101216K reserved, 0K cma-reserved)
[    1.644919] SLUB: HWalign=64, Order=0-3, MinObjects=0, CPUs=256, Nodes=2
[    1.644996] Kernel/User page tables isolation: enabled
[    1.645833] ftrace: allocating 32795 entries in 129 pages
[    1.680765] rcu: Hierarchical RCU implementation.
[    1.680773] rcu: 	RCU restricting CPUs from NR_CPUS=512 to nr_cpu_ids=256.
[    1.680777] rcu: RCU calculated value of scheduler-enlistment delay is 26 jiffies.
[    1.680780] rcu: Adjusting geometry for rcu_fanout_leaf=16, nr_cpu_ids=256
[    1.693885] NR_IRQS: 33024, nr_irqs: 2880, preallocated irqs: 16
[    1.694870] random: crng done (trusting CPU's manufacturer)
[    1.701082] Console: colour VGA+ 80x25
[    1.701162] printk: console [tty0] enabled
[    1.701469] mempolicy: Enabling automatic NUMA balancing. Configure with numa_balancing= or the kernel.numa_balancing sysctl
[    1.701482] ACPI: Core revision 20190509
[    1.705643] clocksource: hpet: mask: 0xffffffff max_cycles: 0xffffffff, max_idle_ns: 133484882848 ns
[    1.705668] hpet clockevent registered
[    1.705685] APIC: Switch to symmetric I/O mode setup
[    1.705692] DMAR: Host address width 46
[    1.705696] DMAR: DRHD base: 0x000000fbffc000 flags: 0x1
[    1.705718] DMAR: dmar0: reg_base_addr fbffc000 ver 1:0 cap d2078c106f0466 ecap f020df
[    1.705721] DMAR: RMRR base: 0x000000b89a6000 end: 0x000000b89a8fff
[    1.705726] DMAR: ATSR flags: 0x0
[    1.705736] DMAR-IR: IOAPIC id 1 under DRHD base  0xfbffc000 IOMMU 0
[    1.705739] DMAR-IR: IOAPIC id 2 under DRHD base  0xfbffc000 IOMMU 0
[    1.705742] DMAR-IR: HPET id 0 under DRHD base 0xfbffc000
[    1.705746] DMAR-IR: Queued invalidation will be enabled to support x2apic and Intr-remapping.
[    1.706258] DMAR-IR: Enabled IRQ remapping in x2apic mode
[    1.707148] ..TIMER: vector=0x30 apic1=0 pin1=2 apic2=-1 pin2=-1
[    1.725693] clocksource: tsc-early: mask: 0xffffffffffffffff max_cycles: 0x12bd21c8cab, max_idle_ns: 440795216647 ns
[    1.725714] Calibrating delay loop (skipped), value calculated using timer frequency.. 2600.00 BogoMIPS (lpj=5200016)
[    1.725721] pid_max: default: 262144 minimum: 2048
[    1.726152] LSM: Security Framework initializing
[    1.726170] Yama: disabled by default; enable with sysctl kernel.yama.*
[    1.726629] AppArmor: AppArmor initialized
[    1.726636] TOMOYO Linux initialized
[    1.752370] Dentry cache hash table entries: 8388608 (order: 14, 67108864 bytes)
[    1.765214] Inode-cache hash table entries: 4194304 (order: 13, 33554432 bytes)
[    1.765835] Mount-cache hash table entries: 131072 (order: 8, 1048576 bytes)
[    1.766254] Mountpoint-cache hash table entries: 131072 (order: 8, 1048576 bytes)
[    1.767786] mce: CPU0: Thermal monitoring enabled (TM1)
[    1.767817] process: using mwait in idle threads
[    1.767829] Last level iTLB entries: 4KB 48, 2MB 0, 4MB 0
[    1.767832] Last level dTLB entries: 4KB 256, 2MB 128, 4MB 128, 1GB 16
[    1.767835] Spectre V1 : Mitigation: usercopy/swapgs barriers and __user pointer sanitization
[    1.767840] Spectre V2 : Mitigation: Full generic retpoline
[    1.767842] Spectre V2 : Spectre v2 / SpectreRSB mitigation: Filling RSB on context switch
[    1.767844] Spectre V2 : Enabling Restricted Speculation for firmware calls
[    1.767855] Spectre V2 : mitigation: Enabling conditional Indirect Branch Prediction Barrier
[    1.767857] Spectre V2 : User space: Vulnerable
[    1.767864] MDS: Vulnerable: Clear CPU buffers attempted, no microcode
[    1.768413] Freeing SMP alternatives memory: 24K
[    1.773369] TSC deadline timer enabled
[    1.773420] smpboot: CPU0: Intel(R) Xeon Phi(TM) CPU 7210 @ 1.30GHz (family: 0x6, model: 0x57, stepping: 0x1)
[    1.773703] Performance Events: PEBS fmt2+, Knights Landing/Mill events, 8-deep LBR, full-width counters, Intel PMU driver.
[    1.773703] ... version:                3
[    1.773703] ... bit width:              40
[    1.773703] ... generic registers:      2
[    1.773703] ... value mask:             000000ffffffffff
[    1.773703] ... max period:             0000007fffffffff
[    1.773703] ... fixed-purpose events:   3
[    1.773703] ... event mask:             0000000700000003
[    1.773703] rcu: Hierarchical SRCU implementation.
[    1.806447] NMI watchdog: Enabled. Permanently consumes one hw-PMU counter.
[    1.815197] smp: Bringing up secondary CPUs ...
[    1.815723] x86: Booting SMP configuration:
[    1.815728] .... node  #0, CPUs:          #1   #2   #3   #4   #5   #6   #7   #8   #9  #10  #11  #12  #13  #14  #15  #16  #17  #18  #19  #20  #21  #22  #23  #24  #25  #26  #27  #28  #29  #30  #31  #32  #33  #34  #35  #36  #37  #38  #39  #40  #41  #42  #43  #44  #45  #46  #47  #48  #49  #50  #51  #52  #53  #54  #55  #56  #57  #58  #59  #60  #61  #62  #63  #64  #65  #66  #67  #68  #69  #70  #71  #72  #73  #74  #75  #76  #77  #78  #79  #80  #81  #82  #83  #84  #85  #86  #87  #88  #89  #90  #91  #92  #93  #94  #95  #96  #97  #98  #99 #100 #101 #102 #103 #104 #105 #106 #107 #108 #109 #110 #111 #112 #113 #114 #115 #116 #117 #118 #119 #120 #121 #122 #123 #124 #125 #126 #127 #128 #129 #130 #131 #132 #133 #134 #135 #136 #137 #138 #139 #140 #141 #142 #143 #144 #145 #146 #147 #148 #149 #150 #151 #152 #153 #154 #155 #156 #157 #158 #159 #160 #161 #162 #163 #164 #165 #166 #167 #168 #169 #170 #171 #172 #173 #174 #175 #176 #177 #178 #179 #180 #181 #182 #183 #184 #185 #186 #187 #188 #189 #190 #191 #192 #193
[    2.054877]  #194 #195 #196 #197 #198 #199 #200 #201 #202 #203 #204 #205 #206 #207 #208 #209 #210 #211 #212 #213 #214 #215 #216 #217 #218 #219 #220 #221 #222 #223 #224 #225 #226 #227 #228 #229 #230 #231 #232 #233 #234 #235 #236 #237 #238 #239 #240 #241 #242 #243 #244 #245 #246 #247 #248 #249 #250 #251 #252 #253 #254 #255
[    2.142683] smp: Brought up 2 nodes, 256 CPUs
[    2.142683] smpboot: Max logical packages: 1
[    2.142683] smpboot: Total of 256 processors activated (665602.04 BogoMIPS)
[    2.175500] devtmpfs: initialized
[    2.175500] x86/mm: Memory block size: 128MB
[    2.192891] PM: Registering ACPI NVS region [mem 0xb99cd000-0xba125fff] (7704576 bytes)
[    2.195195] clocksource: jiffies: mask: 0xffffffff max_cycles: 0xffffffff, max_idle_ns: 7645041785100000 ns
[    2.195856] futex hash table entries: 65536 (order: 10, 4194304 bytes)
[    2.199449] pinctrl core: initialized pinctrl subsystem
[    2.201031] NET: Registered protocol family 16
[    2.201345] audit: initializing netlink subsys (disabled)
[    2.201381] audit: type=2000 audit(1570444593.492:1): state=initialized audit_enabled=0 res=1
[    2.201989] cpuidle: using governor ladder
[    2.202163] cpuidle: using governor menu
[    2.202163] ACPI: bus type PCI registered
[    2.202163] acpiphp: ACPI Hot Plug PCI Controller Driver version: 0.5
[    2.202415] PCI: MMCONFIG for domain 0000 [bus 00-ff] at [mem 0xc0000000-0xcfffffff] (base 0xc0000000)
[    2.202423] PCI: MMCONFIG at [mem 0xc0000000-0xcfffffff] reserved in E820
[    2.202450] pmd_set_huge: Cannot satisfy [mem 0xc0000000-0xc0200000] with a huge-page mapping due to MTRR override.
[    2.203525] PCI: Using configuration type 1 for base access
[    2.243768] HugeTLB registered 1.00 GiB page size, pre-allocated 0 pages
[    2.243768] HugeTLB registered 2.00 MiB page size, pre-allocated 0 pages
[    2.893833] alg: No test for lzo-rle (lzo-rle-generic)
[    2.893833] alg: No test for lzo-rle (lzo-rle-scomp)
[    2.899670] ACPI: Added _OSI(Module Device)
[    2.899674] ACPI: Added _OSI(Processor Device)
[    2.899677] ACPI: Added _OSI(3.0 _SCP Extensions)
[    2.899680] ACPI: Added _OSI(Processor Aggregator Device)
[    2.899684] ACPI: Added _OSI(Linux-Dell-Video)
[    2.899687] ACPI: Added _OSI(Linux-Lenovo-NV-HDMI-Audio)
[    2.899690] ACPI: Added _OSI(Linux-HPI-Hybrid-Graphics)
[    2.946045] ACPI: 3 ACPI AML tables successfully acquired and loaded
[    2.954981] ACPI: [Firmware Bug]: BIOS _OSI(Linux) query ignored
[    2.968308] ACPI: Dynamic OEM Table Load:
[    3.218845] ACPI: Interpreter enabled
[    3.218899] ACPI: (supports S0 S5)
[    3.218903] ACPI: Using IOAPIC for interrupt routing
[    3.219027] PCI: Using host bridge windows from ACPI; if necessary, use "pci=nocrs" and report a bug
[    3.230759] ACPI: Enabled 5 GPEs in block 00 to 3F
[    3.361542] ACPI: PCI Root Bridge [UNC0] (domain 0000 [bus fe])
[    3.361560] acpi PNP0A03:00: _OSC: OS supports [ExtendedConfig ASPM ClockPM Segments MSI HPX-Type3]
[    3.362865] acpi PNP0A03:00: _OSC: platform does not support [SHPCHotplug LTR]
[    3.363996] acpi PNP0A03:00: _OSC: OS now controls [PCIeHotplug PME AER PCIeCapability]
[    3.364131] PCI host bridge to bus 0000:fe
[    3.364139] pci_bus 0000:fe: root bus resource [bus fe]
[    3.364167] pci 0000:fe:08.0: [8086:782f] type 00 class 0x088000
[    3.364344] pci 0000:fe:08.1: [8086:782f] type 00 class 0x088000
[    3.364471] pci 0000:fe:08.2: [8086:782f] type 00 class 0x088000
[    3.364602] pci 0000:fe:08.3: [8086:782f] type 00 class 0x088000
[    3.364730] pci 0000:fe:08.4: [8086:782f] type 00 class 0x088000
[    3.364854] pci 0000:fe:08.5: [8086:782f] type 00 class 0x088000
[    3.364984] pci 0000:fe:08.6: [8086:782f] type 00 class 0x088000
[    3.365123] pci 0000:fe:08.7: [8086:782f] type 00 class 0x088000
[    3.365256] pci 0000:fe:09.0: [8086:782f] type 00 class 0x088000
[    3.365386] pci 0000:fe:09.1: [8086:782f] type 00 class 0x088000
[    3.365509] pci 0000:fe:09.2: [8086:782f] type 00 class 0x088000
[    3.365639] pci 0000:fe:09.3: [8086:782f] type 00 class 0x088000
[    3.365767] pci 0000:fe:09.4: [8086:782f] type 00 class 0x088000
[    3.365908] pci 0000:fe:09.5: [8086:782f] type 00 class 0x088000
[    3.366039] pci 0000:fe:09.6: [8086:782f] type 00 class 0x088000
[    3.366162] pci 0000:fe:09.7: [8086:782f] type 00 class 0x088000
[    3.366294] pci 0000:fe:0a.0: [8086:782f] type 00 class 0x088000
[    3.366417] pci 0000:fe:0a.1: [8086:782f] type 00 class 0x088000
[    3.366546] pci 0000:fe:0a.2: [8086:782f] type 00 class 0x088000
[    3.366676] pci 0000:fe:0a.3: [8086:782f] type 00 class 0x088000
[    3.366799] pci 0000:fe:0a.4: [8086:782f] type 00 class 0x088000
[    3.366928] pci 0000:fe:0a.5: [8086:782f] type 00 class 0x088000
[    3.367050] pci 0000:fe:0a.6: [8086:782f] type 00 class 0x088000
[    3.367179] pci 0000:fe:0a.7: [8086:782f] type 00 class 0x088000
[    3.367311] pci 0000:fe:0b.0: [8086:782f] type 00 class 0x088000
[    3.367441] pci 0000:fe:0b.1: [8086:782f] type 00 class 0x088000
[    3.367580] pci 0000:fe:0b.2: [8086:782f] type 00 class 0x088000
[    3.367702] pci 0000:fe:0b.3: [8086:782f] type 00 class 0x088000
[    3.367832] pci 0000:fe:0b.4: [8086:782f] type 00 class 0x088000
[    3.367961] pci 0000:fe:0b.5: [8086:782f] type 00 class 0x088000
[    3.368084] pci 0000:fe:0b.6: [8086:782f] type 00 class 0x088000
[    3.368213] pci 0000:fe:0b.7: [8086:782f] type 00 class 0x088000
[    3.368342] pci 0000:fe:0c.0: [8086:782f] type 00 class 0x088000
[    3.368472] pci 0000:fe:0c.1: [8086:782f] type 00 class 0x088000
[    3.368601] pci 0000:fe:0c.2: [8086:782f] type 00 class 0x088000
[    3.368725] pci 0000:fe:0c.3: [8086:782f] type 00 class 0x088000
[    3.368855] pci 0000:fe:0c.4: [8086:782f] type 00 class 0x088000
[    3.368978] pci 0000:fe:0c.5: [8086:782f] type 00 class 0x088000
[    3.369112] pci 0000:fe:0e.0: [8086:782c] type 00 class 0x088000
[    3.369242] pci 0000:fe:0e.1: [8086:782c] type 00 class 0x088000
[    3.369370] pci 0000:fe:0e.2: [8086:782c] type 00 class 0x088000
[    3.369500] pci 0000:fe:0e.3: [8086:782c] type 00 class 0x088000
[    3.369623] pci 0000:fe:0e.4: [8086:782c] type 00 class 0x088000
[    3.369757] pci 0000:fe:0e.5: [8086:782c] type 00 class 0x088000
[    3.369897] pci 0000:fe:0e.6: [8086:782c] type 00 class 0x088000
[    3.370021] pci 0000:fe:0e.7: [8086:782c] type 00 class 0x088000
[    3.370150] pci 0000:fe:0f.0: [8086:782c] type 00 class 0x088000
[    3.370274] pci 0000:fe:0f.1: [8086:782c] type 00 class 0x088000
[    3.370406] pci 0000:fe:0f.2: [8086:782c] type 00 class 0x088000
[    3.370537] pci 0000:fe:0f.3: [8086:782c] type 00 class 0x088000
[    3.370661] pci 0000:fe:0f.4: [8086:782c] type 00 class 0x088000
[    3.370790] pci 0000:fe:0f.5: [8086:782c] type 00 class 0x088000
[    3.370913] pci 0000:fe:0f.6: [8086:782c] type 00 class 0x088000
[    3.371043] pci 0000:fe:0f.7: [8086:782c] type 00 class 0x088000
[    3.371172] pci 0000:fe:10.0: [8086:782c] type 00 class 0x088000
[    3.371296] pci 0000:fe:10.1: [8086:782c] type 00 class 0x088000
[    3.371430] pci 0000:fe:10.2: [8086:782c] type 00 class 0x088000
[    3.371553] pci 0000:fe:10.3: [8086:782c] type 00 class 0x088000
[    3.371683] pci 0000:fe:10.4: [8086:782c] type 00 class 0x088000
[    3.371812] pci 0000:fe:10.5: [8086:782c] type 00 class 0x088000
[    3.371936] pci 0000:fe:10.6: [8086:782c] type 00 class 0x088000
[    3.372065] pci 0000:fe:10.7: [8086:782c] type 00 class 0x088000
[    3.372189] pci 0000:fe:11.0: [8086:782c] type 00 class 0x088000
[    3.372319] pci 0000:fe:11.1: [8086:782c] type 00 class 0x088000
[    3.372452] pci 0000:fe:11.2: [8086:782c] type 00 class 0x088000
[    3.372575] pci 0000:fe:11.3: [8086:782c] type 00 class 0x088000
[    3.372705] pci 0000:fe:11.4: [8086:782c] type 00 class 0x088000
[    3.372829] pci 0000:fe:11.5: [8086:782c] type 00 class 0x088000
[    3.372958] pci 0000:fe:11.6: [8086:782c] type 00 class 0x088000
[    3.373089] pci 0000:fe:11.7: [8086:782c] type 00 class 0x088000
[    3.373212] pci 0000:fe:12.0: [8086:782c] type 00 class 0x088000
[    3.373342] pci 0000:fe:12.1: [8086:782c] type 00 class 0x088000
[    3.373472] pci 0000:fe:12.2: [8086:782c] type 00 class 0x088000
[    3.373602] pci 0000:fe:12.3: [8086:782c] type 00 class 0x088000
[    3.373734] pci 0000:fe:12.4: [8086:782c] type 00 class 0x088000
[    3.373868] pci 0000:fe:12.5: [8086:782c] type 00 class 0x088000
[    3.374007] pci 0000:fe:14.0: [8086:781f] type 00 class 0x088000
[    3.374131] pci 0000:fe:14.1: [8086:781f] type 00 class 0x088000
[    3.374261] pci 0000:fe:14.2: [8086:781f] type 00 class 0x088000
[    3.374392] pci 0000:fe:14.3: [8086:781f] type 00 class 0x088000
[    3.374521] pci 0000:fe:14.4: [8086:781f] type 00 class 0x088000
[    3.374652] pci 0000:fe:14.5: [8086:781f] type 00 class 0x088000
[    3.374775] pci 0000:fe:14.6: [8086:781f] type 00 class 0x088000
[    3.374907] pci 0000:fe:14.7: [8086:781f] type 00 class 0x088000
[    3.375036] pci 0000:fe:15.0: [8086:781f] type 00 class 0x088000
[    3.375161] pci 0000:fe:15.1: [8086:781f] type 00 class 0x088000
[    3.375291] pci 0000:fe:15.2: [8086:781f] type 00 class 0x088000
[    3.375415] pci 0000:fe:15.3: [8086:781f] type 00 class 0x088000
[    3.375549] pci 0000:fe:15.4: [8086:781f] type 00 class 0x088000
[    3.375684] pci 0000:fe:15.5: [8086:781f] type 00 class 0x088000
[    3.375809] pci 0000:fe:15.6: [8086:781f] type 00 class 0x088000
[    3.375939] pci 0000:fe:15.7: [8086:781f] type 00 class 0x088000
[    3.376063] pci 0000:fe:16.0: [8086:781f] type 00 class 0x088000
[    3.376195] pci 0000:fe:16.1: [8086:781f] type 00 class 0x088000
[    3.376325] pci 0000:fe:16.2: [8086:781f] type 00 class 0x088000
[    3.376450] pci 0000:fe:16.3: [8086:781f] type 00 class 0x088000
[    3.376584] pci 0000:fe:16.4: [8086:781f] type 00 class 0x088000
[    3.376709] pci 0000:fe:16.5: [8086:781f] type 00 class 0x088000
[    3.376840] pci 0000:fe:16.6: [8086:781f] type 00 class 0x088000
[    3.376972] pci 0000:fe:16.7: [8086:781f] type 00 class 0x088000
[    3.377096] pci 0000:fe:17.0: [8086:781f] type 00 class 0x088000
[    3.377227] pci 0000:fe:17.1: [8086:781f] type 00 class 0x088000
[    3.377352] pci 0000:fe:17.2: [8086:781f] type 00 class 0x088000
[    3.377483] pci 0000:fe:17.3: [8086:781f] type 00 class 0x088000
[    3.377631] pci 0000:fe:17.4: [8086:781f] type 00 class 0x088000
[    3.377760] pci 0000:fe:17.5: [8086:781f] type 00 class 0x088000
[    3.377902] pci 0000:fe:17.6: [8086:781f] type 00 class 0x088000
[    3.378027] pci 0000:fe:17.7: [8086:781f] type 00 class 0x088000
[    3.378159] pci 0000:fe:18.0: [8086:781f] type 00 class 0x088000
[    3.378290] pci 0000:fe:18.1: [8086:781f] type 00 class 0x088000
[    3.378415] pci 0000:fe:18.2: [8086:781f] type 00 class 0x088000
[    3.378554] pci 0000:fe:18.3: [8086:781f] type 00 class 0x088000
[    3.378685] pci 0000:fe:18.4: [8086:781f] type 00 class 0x088000
[    3.378817] pci 0000:fe:18.5: [8086:781f] type 00 class 0x088000
[    3.378965] pci 0000:fe:1d.0: [8086:782a] type 00 class 0x088000
[    3.379092] pci 0000:fe:1d.1: [8086:782b] type 00 class 0x088000
[    3.379224] pci 0000:fe:1d.2: [8086:782e] type 00 class 0x088000
[    3.379351] pci 0000:fe:1d.3: [8086:782d] type 00 class 0x088000
[    3.379495] pci 0000:fe:1e.0: [8086:7820] type 00 class 0x088000
[    3.379626] pci 0000:fe:1e.1: [8086:7821] type 00 class 0x088000
[    3.379757] pci 0000:fe:1e.2: [8086:7822] type 00 class 0x088000
[    3.379888] pci 0000:fe:1e.3: [8086:7823] type 00 class 0x088000
[    3.380013] pci 0000:fe:1e.4: [8086:7824] type 00 class 0x088000
[    3.380144] pci 0000:fe:1e.5: [8086:7825] type 00 class 0x088000
[    3.380276] pci 0000:fe:1e.6: [8086:7826] type 00 class 0x088000
[    3.380798] ACPI: PCI Root Bridge [UNC1] (domain 0000 [bus ff])
[    3.380811] acpi PNP0A03:01: _OSC: OS supports [ExtendedConfig ASPM ClockPM Segments MSI HPX-Type3]
[    3.381697] acpi PNP0A03:01: _OSC: platform does not support [SHPCHotplug LTR]
[    3.382835] acpi PNP0A03:01: _OSC: OS now controls [PCIeHotplug PME AER PCIeCapability]
[    3.382987] PCI host bridge to bus 0000:ff
[    3.382995] pci_bus 0000:ff: root bus resource [bus ff]
[    3.383019] pci 0000:ff:08.0: [8086:7840] type 00 class 0x088000
[    3.383174] pci 0000:ff:08.1: [8086:7842] type 00 class 0x088000
[    3.383331] pci 0000:ff:08.2: [8086:7843] type 00 class 0x088000
[    3.383490] pci 0000:ff:08.3: [8086:7843] type 00 class 0x088000
[    3.383638] pci 0000:ff:08.4: [8086:7843] type 00 class 0x088000
[    3.383796] pci 0000:ff:09.0: [8086:7840] type 00 class 0x088000
[    3.383949] pci 0000:ff:09.1: [8086:7842] type 00 class 0x088000
[    3.384104] pci 0000:ff:09.2: [8086:7843] type 00 class 0x088000
[    3.384259] pci 0000:ff:09.3: [8086:7843] type 00 class 0x088000
[    3.384414] pci 0000:ff:09.4: [8086:7843] type 00 class 0x088000
[    3.384566] pci 0000:ff:0a.0: [8086:7841] type 00 class 0x088000
[    3.384722] pci 0000:ff:0a.1: [8086:7844] type 00 class 0x088000
[    3.384873] pci 0000:ff:0a.2: [8086:781f] type 00 class 0x088000
[    3.385004] pci 0000:ff:0b.0: [8086:7841] type 00 class 0x088000
[    3.385158] pci 0000:ff:0b.1: [8086:7844] type 00 class 0x088000
[    3.385310] pci 0000:ff:0b.2: [8086:781f] type 00 class 0x088000
[    3.385439] pci 0000:ff:0c.0: [8086:7816] type 00 class 0x088000
[    3.385568] pci 0000:ff:0c.1: [8086:7817] type 00 class 0x110100
[    3.385692] pci 0000:ff:0c.2: [8086:781f] type 00 class 0x088000
[    3.385856] pci 0000:ff:0f.0: [8086:7833] type 00 class 0x088000
[    3.385987] pci 0000:ff:0f.1: [8086:7839] type 00 class 0x088000
[    3.386112] pci 0000:ff:0f.2: [8086:781f] type 00 class 0x088000
[    3.386248] pci 0000:ff:10.0: [8086:7833] type 00 class 0x088000
[    3.386372] pci 0000:ff:10.1: [8086:7839] type 00 class 0x088000
[    3.386502] pci 0000:ff:10.2: [8086:781f] type 00 class 0x088000
[    3.386634] pci 0000:ff:10.5: [8086:7848] type 00 class 0x088000
[    3.386767] pci 0000:ff:10.6: [8086:7848] type 00 class 0x088000
[    3.386901] pci 0000:ff:10.7: [8086:7848] type 00 class 0x088000
[    3.387027] pci 0000:ff:11.0: [8086:7833] type 00 class 0x088000
[    3.387156] pci 0000:ff:11.1: [8086:7839] type 00 class 0x088000
[    3.387288] pci 0000:ff:11.2: [8086:781f] type 00 class 0x088000
[    3.387414] pci 0000:ff:11.5: [8086:7849] type 00 class 0x088000
[    3.387545] pci 0000:ff:11.6: [8086:7849] type 00 class 0x088000
[    3.387670] pci 0000:ff:11.7: [8086:7849] type 00 class 0x088000
[    3.387801] pci 0000:ff:12.0: [8086:7833] type 00 class 0x088000
[    3.387934] pci 0000:ff:12.1: [8086:7839] type 00 class 0x088000
[    3.388060] pci 0000:ff:12.2: [8086:781f] type 00 class 0x088000
[    3.388193] pci 0000:ff:12.5: [8086:7848] type 00 class 0x088000
[    3.388318] pci 0000:ff:12.6: [8086:7848] type 00 class 0x088000
[    3.388449] pci 0000:ff:12.7: [8086:7848] type 00 class 0x088000
[    3.388581] pci 0000:ff:13.0: [8086:7833] type 00 class 0x088000
[    3.388706] pci 0000:ff:13.1: [8086:7839] type 00 class 0x088000
[    3.388837] pci 0000:ff:13.2: [8086:781f] type 00 class 0x088000
[    3.388969] pci 0000:ff:13.5: [8086:7849] type 00 class 0x088000
[    3.389101] pci 0000:ff:13.6: [8086:7849] type 00 class 0x088000
[    3.389232] pci 0000:ff:13.7: [8086:7849] type 00 class 0x088000
[    3.389358] pci 0000:ff:14.0: [8086:7833] type 00 class 0x088000
[    3.389489] pci 0000:ff:14.1: [8086:7839] type 00 class 0x088000
[    3.389613] pci 0000:ff:14.2: [8086:781f] type 00 class 0x088000
[    3.389751] pci 0000:ff:14.6: [8086:7845] type 00 class 0x088000
[    3.389892] pci 0000:ff:14.7: [8086:7846] type 00 class 0x088000
[    3.390023] pci 0000:ff:15.0: [8086:7833] type 00 class 0x088000
[    3.390154] pci 0000:ff:15.1: [8086:7839] type 00 class 0x088000
[    3.390279] pci 0000:ff:15.2: [8086:781f] type 00 class 0x088000
[    3.390414] pci 0000:ff:15.6: [8086:7845] type 00 class 0x088000
[    3.390545] pci 0000:ff:15.7: [8086:7847] type 00 class 0x088000
[    3.390670] pci 0000:ff:16.0: [8086:7833] type 00 class 0x088000
[    3.390801] pci 0000:ff:16.1: [8086:7839] type 00 class 0x088000
[    3.390926] pci 0000:ff:16.2: [8086:781f] type 00 class 0x088000
[    3.391071] pci 0000:ff:18.0: [8086:7831] type 00 class 0x088000
[    3.391226] pci 0000:ff:18.1: [8086:7837] type 00 class 0x088000
[    3.391354] pci 0000:ff:18.2: [8086:7835] type 00 class 0x088000
[    3.391520] pci 0000:ff:19.0: [8086:7831] type 00 class 0x088000
[    3.391672] pci 0000:ff:19.1: [8086:7837] type 00 class 0x088000
[    3.391800] pci 0000:ff:19.2: [8086:7835] type 00 class 0x088000
[    3.391966] pci 0000:ff:1a.0: [8086:7831] type 00 class 0x088000
[    3.392119] pci 0000:ff:1a.1: [8086:7837] type 00 class 0x088000
[    3.392252] pci 0000:ff:1a.2: [8086:7835] type 00 class 0x088000
[    3.392417] pci 0000:ff:1b.0: [8086:7831] type 00 class 0x088000
[    3.392571] pci 0000:ff:1b.1: [8086:7837] type 00 class 0x088000
[    3.392710] pci 0000:ff:1b.2: [8086:7835] type 00 class 0x088000
[    3.392876] pci 0000:ff:1c.0: [8086:7831] type 00 class 0x088000
[    3.393023] pci 0000:ff:1c.1: [8086:7837] type 00 class 0x088000
[    3.393157] pci 0000:ff:1c.2: [8086:7835] type 00 class 0x088000
[    3.393337] pci 0000:ff:1d.0: [8086:7831] type 00 class 0x088000
[    3.393488] pci 0000:ff:1d.1: [8086:7837] type 00 class 0x088000
[    3.393622] pci 0000:ff:1d.2: [8086:7835] type 00 class 0x088000
[    3.393804] pci 0000:ff:1e.0: [8086:7831] type 00 class 0x088000
[    3.393952] pci 0000:ff:1e.1: [8086:7837] type 00 class 0x088000
[    3.394087] pci 0000:ff:1e.2: [8086:7835] type 00 class 0x088000
[    3.394254] pci 0000:ff:1f.0: [8086:7831] type 00 class 0x088000
[    3.394400] pci 0000:ff:1f.1: [8086:7837] type 00 class 0x088000
[    3.394535] pci 0000:ff:1f.2: [8086:7835] type 00 class 0x088000
[    3.470897] ACPI: PCI Root Bridge [PCI0] (domain 0000 [bus 00-fd])
[    3.470916] acpi PNP0A08:00: _OSC: OS supports [ExtendedConfig ASPM ClockPM Segments MSI HPX-Type3]
[    3.472009] acpi PNP0A08:00: _OSC: platform does not support [SHPCHotplug LTR]
[    3.473325] acpi PNP0A08:00: _OSC: OS now controls [PCIeHotplug PME AER PCIeCapability]
[    3.474091] acpi PNP0A08:00: ignoring host bridge window [mem 0x000c4000-0x000cbfff window] (conflicts with Video ROM [mem 0x000c0000-0x000c7fff])
[    3.475527] PCI host bridge to bus 0000:00
[    3.475535] pci_bus 0000:00: root bus resource [io  0x0000-0x0cf7 window]
[    3.475540] pci_bus 0000:00: root bus resource [io  0x1000-0xffff window]
[    3.475544] pci_bus 0000:00: root bus resource [mem 0x000a0000-0x000bffff window]
[    3.475548] pci_bus 0000:00: root bus resource [mem 0xd0000000-0xfbffbfff window]
[    3.475553] pci_bus 0000:00: root bus resource [mem 0x200000000000-0x3fffffffffff window]
[    3.475558] pci_bus 0000:00: root bus resource [bus 00-fd]
[    3.475582] pci 0000:00:00.0: [8086:783c] type 00 class 0x060000
[    3.476167] pci 0000:00:00.2: [8086:7808] type 01 class 0x060400
[    3.476215] pci 0000:00:00.2: enabling Extended Tags
[    3.476283] pci 0000:00:00.2: PME# supported from D0 D3hot D3cold
[    3.476846] pci 0000:00:05.0: [8086:7810] type 00 class 0x088000
[    3.477337] pci 0000:00:05.2: [8086:7812] type 00 class 0x088000
[    3.477861] pci 0000:00:05.4: [8086:7813] type 00 class 0x080020
[    3.477882] pci 0000:00:05.4: reg 0x10: [mem 0xfb219000-0xfb219fff]
[    3.478364] pci 0000:00:05.6: [8086:7814] type 00 class 0x110100
[    3.478829] pci 0000:00:08.0: [8086:781a] type 00 class 0x088000
[    3.479265] pci 0000:00:08.1: [8086:781b] type 00 class 0x110100
[    3.479705] pci 0000:00:08.2: [8086:781c] type 00 class 0x088000
[    3.480154] pci 0000:00:11.0: [8086:8d7c] type 00 class 0xff0000
[    3.480733] pci 0000:00:11.4: [8086:8d62] type 00 class 0x010601
[    3.480763] pci 0000:00:11.4: reg 0x10: [io  0xf130-0xf137]
[    3.480776] pci 0000:00:11.4: reg 0x14: [io  0xf120-0xf123]
[    3.480789] pci 0000:00:11.4: reg 0x18: [io  0xf110-0xf117]
[    3.480801] pci 0000:00:11.4: reg 0x1c: [io  0xf100-0xf103]
[    3.480814] pci 0000:00:11.4: reg 0x20: [io  0xf040-0xf05f]
[    3.480827] pci 0000:00:11.4: reg 0x24: [mem 0xfb218000-0xfb2187ff]
[    3.480895] pci 0000:00:11.4: PME# supported from D3hot
[    3.481341] pci 0000:00:14.0: [8086:8d31] type 00 class 0x0c0330
[    3.481373] pci 0000:00:14.0: reg 0x10: [mem 0xfb200000-0xfb20ffff 64bit]
[    3.481464] pci 0000:00:14.0: PME# supported from D3hot D3cold
[    3.481931] pci 0000:00:16.0: [8086:8d3a] type 00 class 0x078000
[    3.481963] pci 0000:00:16.0: reg 0x10: [mem 0xfb217000-0xfb21700f 64bit]
[    3.482055] pci 0000:00:16.0: PME# supported from D0 D3hot D3cold
[    3.482492] pci 0000:00:16.1: [8086:8d3b] type 00 class 0x078000
[    3.482523] pci 0000:00:16.1: reg 0x10: [mem 0xfb216000-0xfb21600f 64bit]
[    3.482614] pci 0000:00:16.1: PME# supported from D0 D3hot D3cold
[    3.483064] pci 0000:00:1a.0: [8086:8d2d] type 00 class 0x0c0320
[    3.483096] pci 0000:00:1a.0: reg 0x10: [mem 0xfb214000-0xfb2143ff]
[    3.483211] pci 0000:00:1a.0: PME# supported from D0 D3hot D3cold
[    3.483654] pci 0000:00:1c.0: [8086:8d10] type 01 class 0x060400
[    3.483778] pci 0000:00:1c.0: PME# supported from D0 D3hot D3cold
[    3.483845] pci 0000:00:1c.0: Enabling MPC IRBNCE
[    3.483850] pci 0000:00:1c.0: Intel PCH root port ACS workaround enabled
[    3.484293] pci 0000:00:1c.1: [8086:8d12] type 01 class 0x060400
[    3.484417] pci 0000:00:1c.1: PME# supported from D0 D3hot D3cold
[    3.484452] pci 0000:00:1c.1: Enabling MPC IRBNCE
[    3.484457] pci 0000:00:1c.1: Intel PCH root port ACS workaround enabled
[    3.484909] pci 0000:00:1d.0: [8086:8d26] type 00 class 0x0c0320
[    3.484940] pci 0000:00:1d.0: reg 0x10: [mem 0xfb213000-0xfb2133ff]
[    3.485055] pci 0000:00:1d.0: PME# supported from D0 D3hot D3cold
[    3.485493] pci 0000:00:1f.0: [8086:8d44] type 00 class 0x060100
[    3.486086] pci 0000:00:1f.2: [8086:8d02] type 00 class 0x010601
[    3.486113] pci 0000:00:1f.2: reg 0x10: [io  0xf090-0xf097]
[    3.486125] pci 0000:00:1f.2: reg 0x14: [io  0xf080-0xf083]
[    3.486136] pci 0000:00:1f.2: reg 0x18: [io  0xf070-0xf077]
[    3.486148] pci 0000:00:1f.2: reg 0x1c: [io  0xf060-0xf063]
[    3.486159] pci 0000:00:1f.2: reg 0x20: [io  0xf020-0xf03f]
[    3.486171] pci 0000:00:1f.2: reg 0x24: [mem 0xfb212000-0xfb2127ff]
[    3.486232] pci 0000:00:1f.2: PME# supported from D3hot
[    3.486664] pci 0000:00:1f.3: [8086:8d22] type 00 class 0x0c0500
[    3.486692] pci 0000:00:1f.3: reg 0x10: [mem 0xfb211000-0xfb2110ff 64bit]
[    3.486720] pci 0000:00:1f.3: reg 0x20: [io  0xf000-0xf01f]
[    3.487167] pci 0000:00:1f.6: [8086:8d24] type 00 class 0x118000
[    3.487200] pci 0000:00:1f.6: reg 0x10: [mem 0xfb210000-0xfb210fff 64bit]
[    3.488823] pci 0000:01:00.0: [8086:1521] type 00 class 0x020000
[    3.489313] pci 0000:01:00.0: reg 0x10: [mem 0xfb120000-0xfb13ffff]
[    3.489611] pci 0000:01:00.0: reg 0x18: [io  0xe020-0xe03f]
[    3.489757] pci 0000:01:00.0: reg 0x1c: [mem 0xfb144000-0xfb147fff]
[    3.491787] pci 0000:01:00.0: PME# supported from D0 D3hot D3cold
[    3.492384] pci 0000:01:00.0: reg 0x184: [mem 0x00000000-0x00003fff 64bit pref]
[    3.492390] pci 0000:01:00.0: VF(n) BAR0 space: [mem 0x00000000-0x0001ffff 64bit pref] (contains BAR0 for 8 VFs)
[    3.492690] pci 0000:01:00.0: reg 0x190: [mem 0x00000000-0x00003fff 64bit pref]
[    3.492695] pci 0000:01:00.0: VF(n) BAR3 space: [mem 0x00000000-0x0001ffff 64bit pref] (contains BAR3 for 8 VFs)
[    3.494435] pci 0000:01:00.1: [8086:1521] type 00 class 0x020000
[    3.494905] pci 0000:01:00.1: reg 0x10: [mem 0xfb100000-0xfb11ffff]
[    3.495203] pci 0000:01:00.1: reg 0x18: [io  0xe000-0xe01f]
[    3.495354] pci 0000:01:00.1: reg 0x1c: [mem 0xfb140000-0xfb143fff]
[    3.497315] pci 0000:01:00.1: PME# supported from D0 D3hot D3cold
[    3.497884] pci 0000:01:00.1: reg 0x184: [mem 0x00000000-0x00003fff 64bit pref]
[    3.497890] pci 0000:01:00.1: VF(n) BAR0 space: [mem 0x00000000-0x0001ffff 64bit pref] (contains BAR0 for 8 VFs)
[    3.498190] pci 0000:01:00.1: reg 0x190: [mem 0x00000000-0x00003fff 64bit pref]
[    3.498195] pci 0000:01:00.1: VF(n) BAR3 space: [mem 0x00000000-0x0001ffff 64bit pref] (contains BAR3 for 8 VFs)
[    3.499868] pci 0000:00:00.2: ASPM: current common clock configuration is broken, reconfiguring
[    3.513995] pci 0000:00:00.2: PCI bridge to [bus 01]
[    3.514002] pci 0000:00:00.2:   bridge window [io  0xe000-0xefff]
[    3.514007] pci 0000:00:00.2:   bridge window [mem 0xfb100000-0xfb1fffff]
[    3.514106] pci 0000:00:1c.0: PCI bridge to [bus 02]
[    3.514253] pci 0000:03:00.0: [1a03:1150] type 01 class 0x060400
[    3.514349] pci 0000:03:00.0: enabling Extended Tags
[    3.514459] pci 0000:03:00.0: supports D1 D2
[    3.514463] pci 0000:03:00.0: PME# supported from D0 D1 D2 D3hot D3cold
[    3.514641] pci 0000:03:00.0: disabling ASPM on pre-1.1 PCIe device.  You can enable it with 'pcie_aspm=force'
[    3.514657] pci 0000:00:1c.1: PCI bridge to [bus 03-04]
[    3.514663] pci 0000:00:1c.1:   bridge window [io  0xd000-0xdfff]
[    3.514669] pci 0000:00:1c.1:   bridge window [mem 0xfa000000-0xfb0fffff]
[    3.514736] pci_bus 0000:04: extended config space not accessible
[    3.514834] pci 0000:04:00.0: [1a03:2000] type 00 class 0x030000
[    3.514868] pci 0000:04:00.0: reg 0x10: [mem 0xfa000000-0xfaffffff]
[    3.514886] pci 0000:04:00.0: reg 0x14: [mem 0xfb000000-0xfb01ffff]
[    3.514905] pci 0000:04:00.0: reg 0x18: [io  0xd000-0xd07f]
[    3.515044] pci 0000:04:00.0: supports D1 D2
[    3.515048] pci 0000:04:00.0: PME# supported from D0 D1 D2 D3hot D3cold
[    3.515252] pci 0000:03:00.0: PCI bridge to [bus 04]
[    3.515265] pci 0000:03:00.0:   bridge window [io  0xd000-0xdfff]
[    3.515272] pci 0000:03:00.0:   bridge window [mem 0xfa000000-0xfb0fffff]
[    3.515315] pci_bus 0000:00: on NUMA node 0
[    3.519045] ACPI: PCI Interrupt Link [LNKA] (IRQs 3 4 5 6 7 10 *11 12 14 15)
[    3.519240] ACPI: PCI Interrupt Link [LNKB] (IRQs 3 4 5 6 7 *10 11 12 14 15)
[    3.519432] ACPI: PCI Interrupt Link [LNKC] (IRQs 3 4 *5 6 10 11 12 14 15)
[    3.519621] ACPI: PCI Interrupt Link [LNKD] (IRQs 3 4 5 6 10 11 12 14 15) *0, disabled.
[    3.519811] ACPI: PCI Interrupt Link [LNKE] (IRQs 3 4 5 6 7 10 11 12 14 15) *0, disabled.
[    3.520002] ACPI: PCI Interrupt Link [LNKF] (IRQs 3 4 5 6 7 10 11 12 14 15) *0, disabled.
[    3.520194] ACPI: PCI Interrupt Link [LNKG] (IRQs 3 4 5 6 7 10 11 12 14 15) *0, disabled.
[    3.520385] ACPI: PCI Interrupt Link [LNKH] (IRQs 3 4 5 6 7 10 11 12 14 15) *0, disabled.
[    3.525941] pci 0000:04:00.0: vgaarb: setting as boot VGA device
[    3.525948] pci 0000:04:00.0: vgaarb: VGA device added: decodes=io+mem,owns=io+mem,locks=none
[    3.525952] pci 0000:04:00.0: vgaarb: bridge control possible
[    3.525955] vgaarb: loaded
[    3.526435] EDAC MC: Ver: 3.0.0
[    3.527133] PCI: Using ACPI for IRQ routing
[    3.532427] PCI: pci_cache_line_size set to 64 bytes
[    3.533188] e820: reserve RAM buffer [mem 0x0009ec00-0x0009ffff]
[    3.533195] e820: reserve RAM buffer [mem 0xb85a3000-0xbbffffff]
[    3.533198] e820: reserve RAM buffer [mem 0xbbdaf000-0xbbffffff]
[    3.533880] hpet0: at MMIO 0xfed00000, IRQs 2, 8, 0, 0, 0, 0, 0, 0
[    3.533898] hpet0: 8 comparators, 64-bit 14.318180 MHz counter
[    3.540102] clocksource: Switched to clocksource tsc-early
[    3.584723] VFS: Disk quotas dquot_6.6.0
[    3.584964] VFS: Dquot-cache hash table entries: 512 (order 0, 4096 bytes)
[    3.585739] AppArmor: AppArmor Filesystem Enabled
[    3.585809] pnp: PnP ACPI init
[    3.595430] pnp 00:00: Plug and Play ACPI device, IDs PNP0b00 (active)
[    3.596274] system 00:01: [io  0x0500-0x057f] has been reserved
[    3.596280] system 00:01: [io  0x0400-0x047f] has been reserved
[    3.596285] system 00:01: [io  0x0580-0x059f] has been reserved
[    3.596290] system 00:01: [io  0x0600-0x061f] has been reserved
[    3.596295] system 00:01: [io  0x0880-0x0883] has been reserved
[    3.596299] system 00:01: [io  0x0800-0x081f] has been reserved
[    3.596308] system 00:01: [mem 0xfed1c000-0xfed3ffff] could not be reserved
[    3.596313] system 00:01: [mem 0xfed45000-0xfed8bfff] has been reserved
[    3.596318] system 00:01: [mem 0xff000000-0xffffffff] has been reserved
[    3.596323] system 00:01: [mem 0xfee00000-0xfeefffff] has been reserved
[    3.596327] system 00:01: [mem 0xfed12000-0xfed1200f] has been reserved
[    3.596332] system 00:01: [mem 0xfed12010-0xfed1201f] has been reserved
[    3.596337] system 00:01: [mem 0xfed1b000-0xfed1bfff] has been reserved
[    3.596358] system 00:01: Plug and Play ACPI device, IDs PNP0c02 (active)
[    3.597556] system 00:02: [io  0x0a00-0x0a0f] has been reserved
[    3.597562] system 00:02: [io  0x0a10-0x0a1f] has been reserved
[    3.597567] system 00:02: [io  0x0a20-0x0a2f] has been reserved
[    3.597572] system 00:02: [io  0x0a30-0x0a3f] has been reserved
[    3.597576] system 00:02: [io  0x0a40-0x0a4f] has been reserved
[    3.597581] system 00:02: [io  0x0290-0x029f] has been reserved
[    3.597599] system 00:02: Plug and Play ACPI device, IDs PNP0c02 (active)
[    3.598313] pnp 00:03: [dma 0 disabled]
[    3.598481] pnp 00:03: Plug and Play ACPI device, IDs PNP0501 (active)
[    3.599101] pnp 00:04: [dma 0 disabled]
[    3.599240] pnp 00:04: Plug and Play ACPI device, IDs PNP0501 (active)
[    3.601286] pnp: PnP ACPI: found 5 devices
[    3.611777] clocksource: acpi_pm: mask: 0xffffff max_cycles: 0xffffff, max_idle_ns: 2085701024 ns
[    3.612044] pci_bus 0000:00: max bus depth: 2 pci_try_num: 3
[    3.612098] pci 0000:00:00.2: BAR 15: assigned [mem 0x200000000000-0x2000000fffff 64bit pref]
[    3.612108] pci 0000:01:00.0: BAR 7: assigned [mem 0x200000000000-0x20000001ffff 64bit pref]
[    3.612158] pci 0000:01:00.0: BAR 10: assigned [mem 0x200000020000-0x20000003ffff 64bit pref]
[    3.612206] pci 0000:01:00.1: BAR 7: assigned [mem 0x200000040000-0x20000005ffff 64bit pref]
[    3.612252] pci 0000:01:00.1: BAR 10: assigned [mem 0x200000060000-0x20000007ffff 64bit pref]
[    3.612299] pci 0000:00:00.2: PCI bridge to [bus 01]
[    3.612305] pci 0000:00:00.2:   bridge window [io  0xe000-0xefff]
[    3.612312] pci 0000:00:00.2:   bridge window [mem 0xfb100000-0xfb1fffff]
[    3.612318] pci 0000:00:00.2:   bridge window [mem 0x200000000000-0x2000000fffff 64bit pref]
[    3.612328] pci 0000:00:1c.0: PCI bridge to [bus 02]
[    3.612343] pci 0000:03:00.0: PCI bridge to [bus 04]
[    3.612349] pci 0000:03:00.0:   bridge window [io  0xd000-0xdfff]
[    3.612359] pci 0000:03:00.0:   bridge window [mem 0xfa000000-0xfb0fffff]
[    3.612374] pci 0000:00:1c.1: PCI bridge to [bus 03-04]
[    3.612379] pci 0000:00:1c.1:   bridge window [io  0xd000-0xdfff]
[    3.612387] pci 0000:00:1c.1:   bridge window [mem 0xfa000000-0xfb0fffff]
[    3.612398] pci_bus 0000:00: resource 4 [io  0x0000-0x0cf7 window]
[    3.612403] pci_bus 0000:00: resource 5 [io  0x1000-0xffff window]
[    3.612407] pci_bus 0000:00: resource 6 [mem 0x000a0000-0x000bffff window]
[    3.612412] pci_bus 0000:00: resource 7 [mem 0xd0000000-0xfbffbfff window]
[    3.612416] pci_bus 0000:00: resource 8 [mem 0x200000000000-0x3fffffffffff window]
[    3.612420] pci_bus 0000:01: resource 0 [io  0xe000-0xefff]
[    3.612425] pci_bus 0000:01: resource 1 [mem 0xfb100000-0xfb1fffff]
[    3.612429] pci_bus 0000:01: resource 2 [mem 0x200000000000-0x2000000fffff 64bit pref]
[    3.612434] pci_bus 0000:03: resource 0 [io  0xd000-0xdfff]
[    3.612438] pci_bus 0000:03: resource 1 [mem 0xfa000000-0xfb0fffff]
[    3.612442] pci_bus 0000:04: resource 0 [io  0xd000-0xdfff]
[    3.612447] pci_bus 0000:04: resource 1 [mem 0xfa000000-0xfb0fffff]
[    3.613332] NET: Registered protocol family 2
[    3.615460] tcp_listen_portaddr_hash hash table entries: 32768 (order: 7, 524288 bytes)
[    3.616465] TCP established hash table entries: 524288 (order: 10, 4194304 bytes)
[    3.618995] TCP bind hash table entries: 65536 (order: 8, 1048576 bytes)
[    3.619470] TCP: Hash tables configured (established 524288 bind 65536)
[    3.620500] UDP hash table entries: 32768 (order: 8, 1048576 bytes)
[    3.621375] UDP-Lite hash table entries: 32768 (order: 8, 1048576 bytes)
[    3.623289] NET: Registered protocol family 1
[    3.623311] NET: Registered protocol family 44
[    3.624701] pci 0000:00:14.0: can't derive routing for PCI INT D
[    3.624706] pci 0000:00:14.0: PCI INT D: not connected
[    3.647271] pci 0000:00:14.0: quirk_usb_early_handoff+0x0/0x643 took 22399 usecs
[    3.670041] pci 0000:00:1a.0: quirk_usb_early_handoff+0x0/0x643 took 22208 usecs
[    3.694023] pci 0000:00:1d.0: quirk_usb_early_handoff+0x0/0x643 took 23387 usecs
[    3.694079] pci 0000:01:00.0: CLS mismatch (64 != 32), using 64 bytes
[    3.694108] pci 0000:04:00.0: Video device with shadowed ROM at [mem 0x000c0000-0x000dffff]
[    3.694298] Trying to unpack rootfs image as initramfs...
[    5.379596] Freeing initrd memory: 36388K
[    5.383141] DMAR: dmar0: Using Queued invalidation
[    5.386057] DMAR: Setting RMRR:
[    5.389311] pci 0000:00:1a.0: DMAR: Setting identity map [0xb89a6000 - 0xb89a8fff]
[    5.393442] pci 0000:00:1d.0: DMAR: Setting identity map [0xb89a6000 - 0xb89a8fff]
[    5.393615] DMAR: Prepare 0-16MiB unity mapping for LPC
[    5.396876] pci 0000:00:1f.0: DMAR: Setting identity map [0x0 - 0xffffff]
[    5.396901] DMAR: Intel(R) Virtualization Technology for Directed I/O
[    5.399248] pci 0000:fe:08.0: Adding to iommu group 0
[    5.399403] pci 0000:fe:08.1: Adding to iommu group 0
[    5.399549] pci 0000:fe:08.2: Adding to iommu group 0
[    5.399706] pci 0000:fe:08.3: Adding to iommu group 0
[    5.399850] pci 0000:fe:08.4: Adding to iommu group 0
[    5.399994] pci 0000:fe:08.5: Adding to iommu group 0
[    5.400136] pci 0000:fe:08.6: Adding to iommu group 0
[    5.400279] pci 0000:fe:08.7: Adding to iommu group 0
[    5.401405] pci 0000:fe:09.0: Adding to iommu group 1
[    5.401549] pci 0000:fe:09.1: Adding to iommu group 1
[    5.401692] pci 0000:fe:09.2: Adding to iommu group 1
[    5.401878] pci 0000:fe:09.3: Adding to iommu group 1
[    5.402039] pci 0000:fe:09.4: Adding to iommu group 1
[    5.402200] pci 0000:fe:09.5: Adding to iommu group 1
[    5.402355] pci 0000:fe:09.6: Adding to iommu group 1
[    5.402506] pci 0000:fe:09.7: Adding to iommu group 1
[    5.403643] pci 0000:fe:0a.0: Adding to iommu group 2
[    5.403798] pci 0000:fe:0a.1: Adding to iommu group 2
[    5.403944] pci 0000:fe:0a.2: Adding to iommu group 2
[    5.404087] pci 0000:fe:0a.3: Adding to iommu group 2
[    5.404229] pci 0000:fe:0a.4: Adding to iommu group 2
[    5.404373] pci 0000:fe:0a.5: Adding to iommu group 2
[    5.404516] pci 0000:fe:0a.6: Adding to iommu group 2
[    5.404658] pci 0000:fe:0a.7: Adding to iommu group 2
[    5.405768] pci 0000:fe:0b.0: Adding to iommu group 3
[    5.405940] pci 0000:fe:0b.1: Adding to iommu group 3
[    5.406112] pci 0000:fe:0b.2: Adding to iommu group 3
[    5.406284] pci 0000:fe:0b.3: Adding to iommu group 3
[    5.406457] pci 0000:fe:0b.4: Adding to iommu group 3
[    5.406631] pci 0000:fe:0b.5: Adding to iommu group 3
[    5.406817] pci 0000:fe:0b.6: Adding to iommu group 3
[    5.406978] pci 0000:fe:0b.7: Adding to iommu group 3
[    5.407856] pci 0000:fe:0c.0: Adding to iommu group 4
[    5.408018] pci 0000:fe:0c.1: Adding to iommu group 4
[    5.408171] pci 0000:fe:0c.2: Adding to iommu group 4
[    5.408326] pci 0000:fe:0c.3: Adding to iommu group 4
[    5.408480] pci 0000:fe:0c.4: Adding to iommu group 4
[    5.408634] pci 0000:fe:0c.5: Adding to iommu group 4
[    5.409755] pci 0000:fe:0e.0: Adding to iommu group 5
[    5.409945] pci 0000:fe:0e.1: Adding to iommu group 5
[    5.410122] pci 0000:fe:0e.2: Adding to iommu group 5
[    5.410291] pci 0000:fe:0e.3: Adding to iommu group 5
[    5.410457] pci 0000:fe:0e.4: Adding to iommu group 5
[    5.410634] pci 0000:fe:0e.5: Adding to iommu group 5
[    5.410795] pci 0000:fe:0e.6: Adding to iommu group 5
[    5.410954] pci 0000:fe:0e.7: Adding to iommu group 5
[    5.412043] pci 0000:fe:0f.0: Adding to iommu group 6
[    5.412205] pci 0000:fe:0f.1: Adding to iommu group 6
[    5.412362] pci 0000:fe:0f.2: Adding to iommu group 6
[    5.412518] pci 0000:fe:0f.3: Adding to iommu group 6
[    5.412687] pci 0000:fe:0f.4: Adding to iommu group 6
[    5.412848] pci 0000:fe:0f.5: Adding to iommu group 6
[    5.413006] pci 0000:fe:0f.6: Adding to iommu group 6
[    5.413165] pci 0000:fe:0f.7: Adding to iommu group 6
[    5.414367] pci 0000:fe:10.0: Adding to iommu group 7
[    5.414570] pci 0000:fe:10.1: Adding to iommu group 7
[    5.414765] pci 0000:fe:10.2: Adding to iommu group 7
[    5.414939] pci 0000:fe:10.3: Adding to iommu group 7
[    5.415110] pci 0000:fe:10.4: Adding to iommu group 7
[    5.415279] pci 0000:fe:10.5: Adding to iommu group 7
[    5.415448] pci 0000:fe:10.6: Adding to iommu group 7
[    5.415616] pci 0000:fe:10.7: Adding to iommu group 7
[    5.416729] pci 0000:fe:11.0: Adding to iommu group 8
[    5.416901] pci 0000:fe:11.1: Adding to iommu group 8
[    5.417067] pci 0000:fe:11.2: Adding to iommu group 8
[    5.417232] pci 0000:fe:11.3: Adding to iommu group 8
[    5.417397] pci 0000:fe:11.4: Adding to iommu group 8
[    5.417562] pci 0000:fe:11.5: Adding to iommu group 8
[    5.417746] pci 0000:fe:11.6: Adding to iommu group 8
[    5.417916] pci 0000:fe:11.7: Adding to iommu group 8
[    5.418780] pci 0000:fe:12.0: Adding to iommu group 9
[    5.418957] pci 0000:fe:12.1: Adding to iommu group 9
[    5.419125] pci 0000:fe:12.2: Adding to iommu group 9
[    5.419294] pci 0000:fe:12.3: Adding to iommu group 9
[    5.419463] pci 0000:fe:12.4: Adding to iommu group 9
[    5.419631] pci 0000:fe:12.5: Adding to iommu group 9
[    5.420714] pci 0000:fe:14.0: Adding to iommu group 10
[    5.420888] pci 0000:fe:14.1: Adding to iommu group 10
[    5.421058] pci 0000:fe:14.2: Adding to iommu group 10
[    5.421227] pci 0000:fe:14.3: Adding to iommu group 10
[    5.421399] pci 0000:fe:14.4: Adding to iommu group 10
[    5.421570] pci 0000:fe:14.5: Adding to iommu group 10
[    5.421758] pci 0000:fe:14.6: Adding to iommu group 10
[    5.421956] pci 0000:fe:14.7: Adding to iommu group 10
[    5.423059] pci 0000:fe:15.0: Adding to iommu group 11
[    5.423240] pci 0000:fe:15.1: Adding to iommu group 11
[    5.423415] pci 0000:fe:15.2: Adding to iommu group 11
[    5.423589] pci 0000:fe:15.3: Adding to iommu group 11
[    5.423764] pci 0000:fe:15.4: Adding to iommu group 11
[    5.423938] pci 0000:fe:15.5: Adding to iommu group 11
[    5.424113] pci 0000:fe:15.6: Adding to iommu group 11
[    5.424286] pci 0000:fe:15.7: Adding to iommu group 11
[    5.425377] pci 0000:fe:16.0: Adding to iommu group 12
[    5.425561] pci 0000:fe:16.1: Adding to iommu group 12
[    5.425760] pci 0000:fe:16.2: Adding to iommu group 12
[    5.425943] pci 0000:fe:16.3: Adding to iommu group 12
[    5.426136] pci 0000:fe:16.4: Adding to iommu group 12
[    5.426316] pci 0000:fe:16.5: Adding to iommu group 12
[    5.426496] pci 0000:fe:16.6: Adding to iommu group 12
[    5.426675] pci 0000:fe:16.7: Adding to iommu group 12
[    5.427735] pci 0000:fe:17.0: Adding to iommu group 13
[    5.427919] pci 0000:fe:17.1: Adding to iommu group 13
[    5.428098] pci 0000:fe:17.2: Adding to iommu group 13
[    5.428279] pci 0000:fe:17.3: Adding to iommu group 13
[    5.428460] pci 0000:fe:17.4: Adding to iommu group 13
[    5.428640] pci 0000:fe:17.5: Adding to iommu group 13
[    5.428820] pci 0000:fe:17.6: Adding to iommu group 13
[    5.429000] pci 0000:fe:17.7: Adding to iommu group 13
[    5.429844] pci 0000:fe:18.0: Adding to iommu group 14
[    5.430050] pci 0000:fe:18.1: Adding to iommu group 14
[    5.430238] pci 0000:fe:18.2: Adding to iommu group 14
[    5.430424] pci 0000:fe:18.3: Adding to iommu group 14
[    5.430611] pci 0000:fe:18.4: Adding to iommu group 14
[    5.430797] pci 0000:fe:18.5: Adding to iommu group 14
[    5.431395] pci 0000:fe:1d.0: Adding to iommu group 15
[    5.431586] pci 0000:fe:1d.1: Adding to iommu group 15
[    5.431774] pci 0000:fe:1d.2: Adding to iommu group 15
[    5.431961] pci 0000:fe:1d.3: Adding to iommu group 15
[    5.432904] pci 0000:fe:1e.0: Adding to iommu group 16
[    5.433096] pci 0000:fe:1e.1: Adding to iommu group 16
[    5.433286] pci 0000:fe:1e.2: Adding to iommu group 16
[    5.433476] pci 0000:fe:1e.3: Adding to iommu group 16
[    5.433675] pci 0000:fe:1e.4: Adding to iommu group 16
[    5.433895] pci 0000:fe:1e.5: Adding to iommu group 16
[    5.434092] pci 0000:fe:1e.6: Adding to iommu group 16
[    5.434827] pci 0000:ff:08.0: Adding to iommu group 17
[    5.435030] pci 0000:ff:08.1: Adding to iommu group 17
[    5.435227] pci 0000:ff:08.2: Adding to iommu group 17
[    5.435422] pci 0000:ff:08.3: Adding to iommu group 17
[    5.435619] pci 0000:ff:08.4: Adding to iommu group 17
[    5.436337] pci 0000:ff:09.0: Adding to iommu group 18
[    5.436538] pci 0000:ff:09.1: Adding to iommu group 18
[    5.436736] pci 0000:ff:09.2: Adding to iommu group 18
[    5.436934] pci 0000:ff:09.3: Adding to iommu group 18
[    5.437135] pci 0000:ff:09.4: Adding to iommu group 18
[    5.437633] pci 0000:ff:0a.0: Adding to iommu group 19
[    5.437872] pci 0000:ff:0a.1: Adding to iommu group 19
[    5.438077] pci 0000:ff:0a.2: Adding to iommu group 19
[    5.438600] pci 0000:ff:0b.0: Adding to iommu group 20
[    5.438808] pci 0000:ff:0b.1: Adding to iommu group 20
[    5.439010] pci 0000:ff:0b.2: Adding to iommu group 20
[    5.439498] pci 0000:ff:0c.0: Adding to iommu group 21
[    5.439703] pci 0000:ff:0c.1: Adding to iommu group 21
[    5.439903] pci 0000:ff:0c.2: Adding to iommu group 21
[    5.440386] pci 0000:ff:0f.0: Adding to iommu group 22
[    5.440589] pci 0000:ff:0f.1: Adding to iommu group 22
[    5.440800] pci 0000:ff:0f.2: Adding to iommu group 22
[    5.441627] pci 0000:ff:10.0: Adding to iommu group 23
[    5.441857] pci 0000:ff:10.1: Adding to iommu group 23
[    5.442063] pci 0000:ff:10.2: Adding to iommu group 23
[    5.442267] pci 0000:ff:10.5: Adding to iommu group 23
[    5.442473] pci 0000:ff:10.6: Adding to iommu group 23
[    5.442676] pci 0000:ff:10.7: Adding to iommu group 23
[    5.443502] pci 0000:ff:11.0: Adding to iommu group 24
[    5.443712] pci 0000:ff:11.1: Adding to iommu group 24
[    5.443917] pci 0000:ff:11.2: Adding to iommu group 24
[    5.444122] pci 0000:ff:11.5: Adding to iommu group 24
[    5.444326] pci 0000:ff:11.6: Adding to iommu group 24
[    5.444531] pci 0000:ff:11.7: Adding to iommu group 24
[    5.445367] pci 0000:ff:12.0: Adding to iommu group 25
[    5.445579] pci 0000:ff:12.1: Adding to iommu group 25
[    5.445805] pci 0000:ff:12.2: Adding to iommu group 25
[    5.446030] pci 0000:ff:12.5: Adding to iommu group 25
[    5.446248] pci 0000:ff:12.6: Adding to iommu group 25
[    5.446461] pci 0000:ff:12.7: Adding to iommu group 25
[    5.447303] pci 0000:ff:13.0: Adding to iommu group 26
[    5.447522] pci 0000:ff:13.1: Adding to iommu group 26
[    5.447736] pci 0000:ff:13.2: Adding to iommu group 26
[    5.447948] pci 0000:ff:13.5: Adding to iommu group 26
[    5.448160] pci 0000:ff:13.6: Adding to iommu group 26
[    5.448371] pci 0000:ff:13.7: Adding to iommu group 26
[    5.449089] pci 0000:ff:14.0: Adding to iommu group 27
[    5.449309] pci 0000:ff:14.1: Adding to iommu group 27
[    5.449523] pci 0000:ff:14.2: Adding to iommu group 27
[    5.449754] pci 0000:ff:14.6: Adding to iommu group 27
[    5.449970] pci 0000:ff:14.7: Adding to iommu group 27
[    5.450680] pci 0000:ff:15.0: Adding to iommu group 28
[    5.450899] pci 0000:ff:15.1: Adding to iommu group 28
[    5.451115] pci 0000:ff:15.2: Adding to iommu group 28
[    5.451331] pci 0000:ff:15.6: Adding to iommu group 28
[    5.451545] pci 0000:ff:15.7: Adding to iommu group 28
[    5.452025] pci 0000:ff:16.0: Adding to iommu group 29
[    5.452245] pci 0000:ff:16.1: Adding to iommu group 29
[    5.452462] pci 0000:ff:16.2: Adding to iommu group 29
[    5.452956] pci 0000:ff:18.0: Adding to iommu group 30
[    5.453179] pci 0000:ff:18.1: Adding to iommu group 30
[    5.453400] pci 0000:ff:18.2: Adding to iommu group 30
[    5.453905] pci 0000:ff:19.0: Adding to iommu group 31
[    5.454134] pci 0000:ff:19.1: Adding to iommu group 31
[    5.454359] pci 0000:ff:19.2: Adding to iommu group 31
[    5.454843] pci 0000:ff:1a.0: Adding to iommu group 32
[    5.455071] pci 0000:ff:1a.1: Adding to iommu group 32
[    5.455297] pci 0000:ff:1a.2: Adding to iommu group 32
[    5.455778] pci 0000:ff:1b.0: Adding to iommu group 33
[    5.456006] pci 0000:ff:1b.1: Adding to iommu group 33
[    5.456245] pci 0000:ff:1b.2: Adding to iommu group 33
[    5.456728] pci 0000:ff:1c.0: Adding to iommu group 34
[    5.456957] pci 0000:ff:1c.1: Adding to iommu group 34
[    5.457185] pci 0000:ff:1c.2: Adding to iommu group 34
[    5.457666] pci 0000:ff:1d.0: Adding to iommu group 35
[    5.457929] pci 0000:ff:1d.1: Adding to iommu group 35
[    5.458169] pci 0000:ff:1d.2: Adding to iommu group 35
[    5.458659] pci 0000:ff:1e.0: Adding to iommu group 36
[    5.458895] pci 0000:ff:1e.1: Adding to iommu group 36
[    5.459127] pci 0000:ff:1e.2: Adding to iommu group 36
[    5.459617] pci 0000:ff:1f.0: Adding to iommu group 37
[    5.459859] pci 0000:ff:1f.1: Adding to iommu group 37
[    5.460091] pci 0000:ff:1f.2: Adding to iommu group 37
[    5.460355] pci 0000:00:00.0: Adding to iommu group 38
[    5.460503] pci 0000:00:00.2: Adding to iommu group 39
[    5.461109] pci 0000:00:05.0: Adding to iommu group 40
[    5.461346] pci 0000:00:05.2: Adding to iommu group 40
[    5.461579] pci 0000:00:05.4: Adding to iommu group 40
[    5.461833] pci 0000:00:05.6: Adding to iommu group 40
[    5.462316] pci 0000:00:08.0: Adding to iommu group 41
[    5.462553] pci 0000:00:08.1: Adding to iommu group 41
[    5.462786] pci 0000:00:08.2: Adding to iommu group 41
[    5.463165] pci 0000:00:11.0: Adding to iommu group 42
[    5.463405] pci 0000:00:11.4: Adding to iommu group 42
[    5.463545] pci 0000:00:14.0: Adding to iommu group 43
[    5.463913] pci 0000:00:16.0: Adding to iommu group 44
[    5.464161] pci 0000:00:16.1: Adding to iommu group 44
[    5.464304] pci 0000:00:1a.0: Adding to iommu group 45
[    5.464447] pci 0000:00:1c.0: Adding to iommu group 46
[    5.464591] pci 0000:00:1c.1: Adding to iommu group 47
[    5.464744] pci 0000:00:1d.0: Adding to iommu group 48
[    5.465349] pci 0000:00:1f.0: Adding to iommu group 49
[    5.465597] pci 0000:00:1f.2: Adding to iommu group 49
[    5.465863] pci 0000:00:1f.3: Adding to iommu group 49
[    5.466109] pci 0000:00:1f.6: Adding to iommu group 49
[    5.466259] pci 0000:01:00.0: Adding to iommu group 50
[    5.466409] pci 0000:01:00.1: Adding to iommu group 51
[    5.466556] pci 0000:03:00.0: Adding to iommu group 52
[    5.466571] pci 0000:04:00.0: Adding to iommu group 52
[    5.495637] Initialise system trusted keyrings
[    5.495661] Key type blacklist registered
[    5.496064] workingset: timestamp_bits=40 max_order=24 bucket_order=0
[    5.500630] zbud: loaded
[    5.506211] Platform Keyring initialized
[    5.506220] Key type asymmetric registered
[    5.506224] Asymmetric key parser 'x509' registered
[    5.506252] Block layer SCSI generic (bsg) driver version 0.4 loaded (major 250)
[    5.507239] io scheduler mq-deadline registered
[    5.514687] pcieport 0000:00:00.2: PME: Signaling with IRQ 25
[    5.514958] pcieport 0000:00:00.2: AER: enabled with IRQ 25
[    5.515928] pcieport 0000:00:1c.0: PME: Signaling with IRQ 26
[    5.516598] pcieport 0000:00:1c.1: PME: Signaling with IRQ 27
[    5.517148] shpchp: Standard Hot Plug PCI Controller Driver version: 0.4
[    5.517197] intel_idle: MWAIT substates: 0x110
[    5.517200] intel_idle: v0.4.1 model 0x57
[    5.541336] intel_idle: lapic_timer_reliable_states 0xffffffff
[    5.608311] Serial: 8250/16550 driver, 4 ports, IRQ sharing enabled
[    5.628983] 00:03: ttyS0 at I/O 0x3f8 (irq = 4, base_baud = 115200) is a 16550A
[    5.649809] 00:04: ttyS1 at I/O 0x2f8 (irq = 3, base_baud = 115200) is a 16550A
[    5.651917] Linux agpgart interface v0.103
[    5.653285] AMD-Vi: AMD IOMMUv2 driver by Joerg Roedel <jroedel@suse.de>
[    5.653287] AMD-Vi: AMD IOMMUv2 functionality not available on this system
[    5.754107] i8042: PNP: No PS/2 controller found.
[    5.754655] mousedev: PS/2 mouse device common for all mice
[    5.754780] rtc_cmos 00:00: RTC can wake from S4
[    5.755085] rtc_cmos 00:00: registered as rtc0
[    5.755153] rtc_cmos 00:00: alarms up to one month, y3k, 114 bytes nvram, hpet irqs
[    5.755190] intel_pstate: Intel P-state driver initializing
[    5.796833] ledtrig-cpu: registered to indicate activity on CPUs
[    5.799801] NET: Registered protocol family 10
[    5.856004] Segment Routing with IPv6
[    5.856073] mip6: Mobile IPv6
[    5.856081] NET: Registered protocol family 17
[    5.856562] mpls_gso: MPLS GSO support
[    5.921521] mce: Using 20 MCE banks
[    5.921832] microcode: sig=0x50671, pf=0x8, revision=0x1b6
[    5.929657] microcode: Microcode Update Driver: v2.2.
[    5.929694] sched_clock: Marking stable (5914624106, 11084904)->(6908839419, -983130409)
[    5.934065] registered taskstats version 1
[    5.934068] Loading compiled-in X.509 certificates
[    6.076786] Loaded X.509 cert 'Debian Secure Boot CA: 6ccece7e4c6c0d1f6149f3dd27dfcc5cbb419ea1'
[    6.076876] Loaded X.509 cert 'Debian Secure Boot Signer: 00a7468def'
[    6.077829] zswap: loaded using pool lzo/zbud
[    6.080551] AppArmor: AppArmor sha1 policy hashing enabled
[    6.083387] rtc_cmos 00:00: setting system clock to 2019-10-07T10:36:38 UTC (1570444598)
[    6.087872] Freeing unused kernel image memory: 1640K
[    6.113953] Write protecting the kernel read-only data: 16384k
[    6.116583] Freeing unused kernel image memory: 2036K
[    6.118025] Freeing unused kernel image memory: 576K
[    6.163059] x86/mm: Checked W+X mappings: passed, no W+X pages found.
[    6.163351] x86/mm: Checking user space page tables
[    6.199361] x86/mm: Checked W+X mappings: passed, no W+X pages found.
[    6.199372] Run /init as init process
[    6.501862] tsc: Refined TSC clocksource calibration: 1299.998 MHz
[    6.502137] clocksource: tsc: mask: 0xffffffffffffffff max_cycles: 0x12bd1c2055f, max_idle_ns: 440795258135 ns
[    6.503030] clocksource: Switched to clocksource tsc
[    7.311306] input: Power Button as /devices/LNXSYSTM:00/LNXSYBUS:00/PNP0C0C:00/input/input0
[    7.311340] ACPI: Power Button [PWRB]
[    7.311535] input: Power Button as /devices/LNXSYSTM:00/LNXPWRBN:00/input/input1
[    7.311695] ACPI: Power Button [PWRF]
[    7.410424] i801_smbus 0000:00:1f.3: SMBus using PCI interrupt
[    7.411453] pps_core: LinuxPPS API ver. 1 registered
[    7.411457] pps_core: Software ver. 5.3.6 - Copyright 2005-2007 Rodolfo Giometti <giometti@linux.it>
[    7.417871] PTP clock support registered
[    7.422901] dca service started, version 1.12.1
[    7.436011] SCSI subsystem initialized
[    7.451861] ACPI: bus type USB registered
[    7.451951] usbcore: registered new interface driver usbfs
[    7.451986] usbcore: registered new interface driver hub
[    7.453555] usbcore: registered new device driver usb
[    7.461818] igb: Intel(R) Gigabit Ethernet Network Driver - version 5.6.0-k
[    7.461822] igb: Copyright (c) 2007-2014 Intel Corporation.
[    7.485461] ehci_hcd: USB 2.0 'Enhanced' Host Controller (EHCI) Driver
[    7.488626] libata version 3.00 loaded.
[    7.496407] ehci-pci: EHCI PCI platform driver
[    7.497664] ehci-pci 0000:00:1a.0: EHCI Host Controller
[    7.497704] ehci-pci 0000:00:1a.0: new USB bus registered, assigned bus number 1
[    7.497790] ehci-pci 0000:00:1a.0: debug port 2
[    7.501754] ehci-pci 0000:00:1a.0: cache line size of 64 is not supported
[    7.501783] ehci-pci 0000:00:1a.0: irq 18, io mem 0xfb214000
[    7.505982] xhci_hcd 0000:00:14.0: can't derive routing for PCI INT D
[    7.505990] xhci_hcd 0000:00:14.0: PCI INT D: no GSI
[    7.514004] ahci 0000:00:11.4: version 3.0
[    7.514779] ahci 0000:00:11.4: AHCI 0001.0300 32 slots 4 ports 6 Gbps 0xf impl SATA mode
[    7.514787] ahci 0000:00:11.4: flags: 64bit ncq pm led clo pio slum part ems apst 
[    7.521761] ehci-pci 0000:00:1a.0: USB 2.0 started, EHCI 1.00
[    7.522020] usb usb1: New USB device found, idVendor=1d6b, idProduct=0002, bcdDevice= 5.02
[    7.522026] usb usb1: New USB device strings: Mfr=3, Product=2, SerialNumber=1
[    7.522030] usb usb1: Product: EHCI Host Controller
[    7.522034] usb usb1: Manufacturer: Linux 5.2.0-3-amd64 ehci_hcd
[    7.522037] usb usb1: SerialNumber: 0000:00:1a.0
[    7.522687] hub 1-0:1.0: USB hub found
[    7.522720] hub 1-0:1.0: 2 ports detected
[    7.523526] xhci_hcd 0000:00:14.0: xHCI Host Controller
[    7.523548] xhci_hcd 0000:00:14.0: new USB bus registered, assigned bus number 2
[    7.528371] xhci_hcd 0000:00:14.0: hcc params 0x200077c1 hci version 0x100 quirks 0x0000000000009810
[    7.528392] xhci_hcd 0000:00:14.0: cache line size of 64 is not supported
[    7.529087] usb usb2: New USB device found, idVendor=1d6b, idProduct=0002, bcdDevice= 5.02
[    7.529092] usb usb2: New USB device strings: Mfr=3, Product=2, SerialNumber=1
[    7.529096] usb usb2: Product: xHCI Host Controller
[    7.529100] usb usb2: Manufacturer: Linux 5.2.0-3-amd64 xhci-hcd
[    7.529104] usb usb2: SerialNumber: 0000:00:14.0
[    7.530112] hub 2-0:1.0: USB hub found
[    7.530155] hub 2-0:1.0: 15 ports detected
[    7.548390] ehci-pci 0000:00:1d.0: EHCI Host Controller
[    7.548413] ehci-pci 0000:00:1d.0: new USB bus registered, assigned bus number 3
[    7.548440] ehci-pci 0000:00:1d.0: debug port 2
[    7.552384] ehci-pci 0000:00:1d.0: cache line size of 64 is not supported
[    7.552410] ehci-pci 0000:00:1d.0: irq 18, io mem 0xfb213000
[    7.552456] xhci_hcd 0000:00:14.0: xHCI Host Controller
[    7.552468] xhci_hcd 0000:00:14.0: new USB bus registered, assigned bus number 4
[    7.552479] xhci_hcd 0000:00:14.0: Host supports USB 3.0 SuperSpeed
[    7.552646] usb usb4: New USB device found, idVendor=1d6b, idProduct=0003, bcdDevice= 5.02
[    7.552651] usb usb4: New USB device strings: Mfr=3, Product=2, SerialNumber=1
[    7.552655] usb usb4: Product: xHCI Host Controller
[    7.552659] usb usb4: Manufacturer: Linux 5.2.0-3-amd64 xhci-hcd
[    7.552663] usb usb4: SerialNumber: 0000:00:14.0
[    7.553152] hub 4-0:1.0: USB hub found
[    7.553188] hub 4-0:1.0: 6 ports detected
[    7.559259] igb 0000:01:00.0: added PHC on eth0
[    7.559278] igb 0000:01:00.0: Intel(R) Gigabit Ethernet Network Connection
[    7.559286] igb 0000:01:00.0: eth0: (PCIe:5.0Gb/s:Width x4) d0:50:99:d0:8e:ca
[    7.559471] igb 0000:01:00.0: eth0: PBA No: 106400-000
[    7.559476] igb 0000:01:00.0: Using MSI-X interrupts. 8 rx queue(s), 8 tx queue(s)
[    7.559882] scsi host0: ahci
[    7.562144] scsi host1: ahci
[    7.563366] scsi host2: ahci
[    7.564809] scsi host3: ahci
[    7.565109] ata1: SATA max UDMA/133 abar m2048@0xfb218000 port 0xfb218100 irq 37
[    7.565114] ata2: SATA max UDMA/133 abar m2048@0xfb218000 port 0xfb218180 irq 37
[    7.565119] ata3: SATA max UDMA/133 abar m2048@0xfb218000 port 0xfb218200 irq 37
[    7.565123] ata4: SATA max UDMA/133 abar m2048@0xfb218000 port 0xfb218280 irq 37
[    7.567455] ahci 0000:00:1f.2: AHCI 0001.0300 32 slots 6 ports 6 Gbps 0x3f impl SATA mode
[    7.567464] ahci 0000:00:1f.2: flags: 64bit ncq pm led clo pio slum part ems apst 
[    7.569810] ehci-pci 0000:00:1d.0: USB 2.0 started, EHCI 1.00
[    7.570075] usb usb3: New USB device found, idVendor=1d6b, idProduct=0002, bcdDevice= 5.02
[    7.570080] usb usb3: New USB device strings: Mfr=3, Product=2, SerialNumber=1
[    7.570084] usb usb3: Product: EHCI Host Controller
[    7.570088] usb usb3: Manufacturer: Linux 5.2.0-3-amd64 ehci_hcd
[    7.570091] usb usb3: SerialNumber: 0000:00:1d.0
[    7.570436] [drm] Using P2A bridge for configuration
[    7.570440] [drm] AST 2400 detected
[    7.570452] [drm] Analog VGA only
[    7.570471] [drm] dram MCLK=408 Mhz type=6 bus_width=16 size=01000000
[    7.570745] hub 3-0:1.0: USB hub found
[    7.570786] hub 3-0:1.0: 2 ports detected
[    7.571636] [TTM] Zone  kernel: Available graphics memory: 28800890 KiB
[    7.571639] [TTM] Zone   dma32: Available graphics memory: 2097152 KiB
[    7.571641] [TTM] Initializing pool allocator
[    7.571654] [TTM] Initializing DMA pool allocator
[    7.578737] fbcon: astdrmfb (fb0) is primary device
[    7.642145] Console: switching to colour frame buffer device 128x48
[    7.665411] ast 0000:04:00.0: fb0: astdrmfb frame buffer device
[    7.684410] scsi host4: ahci
[    7.685437] scsi host5: ahci
[    7.692127] scsi host6: ahci
[    7.693230] scsi host7: ahci
[    7.695613] igb 0000:01:00.1: added PHC on eth1
[    7.695622] igb 0000:01:00.1: Intel(R) Gigabit Ethernet Network Connection
[    7.695630] igb 0000:01:00.1: eth1: (PCIe:5.0Gb/s:Width x4) d0:50:99:d0:8e:cb
[    7.695821] igb 0000:01:00.1: eth1: PBA No: 106400-000
[    7.695828] igb 0000:01:00.1: Using MSI-X interrupts. 8 rx queue(s), 8 tx queue(s)
[    7.695986] scsi host8: ahci
[    7.696722] scsi host9: ahci
[    7.697047] ata5: SATA max UDMA/133 abar m2048@0xfb212000 port 0xfb212100 irq 49
[    7.697053] ata6: SATA max UDMA/133 abar m2048@0xfb212000 port 0xfb212180 irq 49
[    7.697057] ata7: SATA max UDMA/133 abar m2048@0xfb212000 port 0xfb212200 irq 49
[    7.697061] ata8: SATA max UDMA/133 abar m2048@0xfb212000 port 0xfb212280 irq 49
[    7.697065] ata9: SATA max UDMA/133 abar m2048@0xfb212000 port 0xfb212300 irq 49
[    7.697069] ata10: SATA max UDMA/133 abar m2048@0xfb212000 port 0xfb212380 irq 49
[    7.709908] [drm] Initialized ast 0.1.0 20120228 for 0000:04:00.0 on minor 0
[    7.723074] igb 0000:01:00.0 ens2f0: renamed from eth0
[    7.771517] igb 0000:01:00.1 ens2f1: renamed from eth1
[    7.881840] ata1: SATA link down (SStatus 0 SControl 300)
[    7.882258] ata2: SATA link down (SStatus 0 SControl 300)
[    7.882311] ata3: SATA link down (SStatus 0 SControl 300)
[    7.882364] ata4: SATA link down (SStatus 0 SControl 300)
[    7.901896] usb 1-1: new high-speed USB device number 2 using ehci-pci
[    7.902367] usb 4-2: new SuperSpeed Gen 1 USB device number 2 using xhci_hcd
[    7.905848] usb 3-1: new high-speed USB device number 2 using ehci-pci
[    7.928038] usb 4-2: New USB device found, idVendor=4146, idProduct=166a, bcdDevice= 0.00
[    7.928046] usb 4-2: New USB device strings: Mfr=1, Product=2, SerialNumber=3
[    7.928050] usb 4-2: Product: 32GB
[    7.928053] usb 4-2: Manufacturer: PRETEC
[    7.928057] usb 4-2: SerialNumber: 14060517063401276542
[    7.947870] usb-storage 4-2:1.0: USB Mass Storage device detected
[    7.949174] scsi host10: usb-storage 4-2:1.0
[    7.949669] usbcore: registered new interface driver usb-storage
[    7.957256] usbcore: registered new interface driver uas
[    7.961764] raid6: avx2x4   gen()  7303 MB/s
[    8.012215] ata7: SATA link down (SStatus 0 SControl 300)
[    8.013848] ata10: SATA link down (SStatus 0 SControl 300)
[    8.013897] ata8: SATA link down (SStatus 0 SControl 300)
[    8.013946] ata9: SATA link down (SStatus 0 SControl 300)
[    8.013995] ata5: SATA link down (SStatus 0 SControl 300)
[    8.014044] ata6: SATA link down (SStatus 0 SControl 300)
[    8.029764] raid6: avx2x4   xor()  2263 MB/s
[    8.058896] usb 1-1: New USB device found, idVendor=8087, idProduct=800a, bcdDevice= 0.05
[    8.058904] usb 1-1: New USB device strings: Mfr=0, Product=0, SerialNumber=0
[    8.059805] hub 1-1:1.0: USB hub found
[    8.060118] hub 1-1:1.0: 6 ports detected
[    8.066523] usb 3-1: New USB device found, idVendor=8087, idProduct=8002, bcdDevice= 0.05
[    8.066531] usb 3-1: New USB device strings: Mfr=0, Product=0, SerialNumber=0
[    8.067467] hub 3-1:1.0: USB hub found
[    8.067755] hub 3-1:1.0: 8 ports detected
[    8.097766] raid6: avx2x2   gen()  6202 MB/s
[    8.165754] raid6: avx2x2   xor()  3936 MB/s
[    8.233765] raid6: avx2x1   gen()  4530 MB/s
[    8.301763] raid6: avx2x1   xor()  3012 MB/s
[    8.369776] raid6: sse2x4   gen()  3592 MB/s
[    8.437771] raid6: sse2x4   xor()  1186 MB/s
[    8.505771] raid6: sse2x2   gen()  3064 MB/s
[    8.573766] raid6: sse2x2   xor()  1981 MB/s
[    8.641779] raid6: sse2x1   gen()  2250 MB/s
[    8.709756] raid6: sse2x1   xor()  1437 MB/s
[    8.709759] raid6: using algorithm avx2x4 gen() 7303 MB/s
[    8.709761] raid6: .... xor() 2263 MB/s, rmw enabled
[    8.709763] raid6: using avx2x2 recovery algorithm
[    8.743429] xor: automatically using best checksumming function   avx       
[    8.967463] scsi 10:0:0:0: Direct-Access     Generic  USB Flash Drive  1.00 PQ: 0 ANSI: 4
[    8.967689] Btrfs loaded, crc32c=crc32c-intel
[    8.984194] sd 10:0:0:0: [sda] 64126976 512-byte logical blocks: (32.8 GB/30.6 GiB)
[    8.984515] sd 10:0:0:0: [sda] Write Protect is off
[    8.984520] sd 10:0:0:0: [sda] Mode Sense: bf 00 00 00
[    8.984678] sd 10:0:0:0: [sda] Write cache: disabled, read cache: enabled, doesn't support DPO or FUA
[    8.987750]  sda: sda1
[    8.995622] sd 10:0:0:0: [sda] Attached SCSI removable disk
[    9.351090] EXT4-fs (sda1): mounted filesystem with ordered data mode. Opts: (null)
[    9.584069] Not activating Mandatory Access Control as /sbin/tomoyo-init does not exist.
[   10.707137] systemd[1]: Inserted module 'autofs4'
[   10.773162] systemd[1]: systemd 242 running in system mode. (+PAM +AUDIT +SELINUX +IMA +APPARMOR +SMACK +SYSVINIT +UTMP +LIBCRYPTSETUP +GCRYPT +GNUTLS +ACL +XZ +LZ4 +SECCOMP +BLKID +ELFUTILS +KMOD +IDN2 -IDN +PCRE2 default-hierarchy=hybrid)
[   10.798325] systemd[1]: Detected architecture x86-64.
[   10.849640] systemd[1]: Set hostname to <corbiere>.
[   10.852347] systemd[1]: Failed to bump fs.file-max, ignoring: Invalid argument
[   11.426689] systemd[1]: /lib/systemd/system/dbus.socket:4: ListenStream= references a path below legacy directory /var/run/, updating /var/run/dbus/system_bus_socket  /run/dbus/system_bus_socket; please update the unit file accordingly.
[   11.519060] systemd[1]: /lib/systemd/system/fancontrol.service:9: PIDFile= references a path below legacy directory /var/run/, updating /var/run/fancontrol.pid  /run/fancontrol.pid; please update the unit file accordingly.
[   11.595696] systemd[1]: Reached target User and Group Name Lookups.
[   11.596499] systemd[1]: Listening on Journal Socket (/dev/log).
[   11.620308] systemd[1]: Created slice User and Session Slice.
[   11.620892] systemd[1]: Listening on udev Control Socket.
[   11.730881] EXT4-fs (sda1): re-mounted. Opts: errors=remount-ro
[   12.566101] audit: type=1400 audit(1570444604.979:2): apparmor="STATUS" operation="profile_load" profile="unconfined" name="/usr/sbin/haveged" pid=1896 comm="apparmor_parser"
[   12.567398] audit: type=1400 audit(1570444604.979:3): apparmor="STATUS" operation="profile_load" profile="unconfined" name="libreoffice-senddoc" pid=1887 comm="apparmor_parser"
[   12.567745] audit: type=1400 audit(1570444604.979:4): apparmor="STATUS" operation="profile_load" profile="unconfined" name="libreoffice-xpdfimport" pid=1895 comm="apparmor_parser"
[   12.570575] audit: type=1400 audit(1570444604.983:5): apparmor="STATUS" operation="profile_load" profile="unconfined" name="nvidia_modprobe" pid=1893 comm="apparmor_parser"
[   12.570591] audit: type=1400 audit(1570444604.983:6): apparmor="STATUS" operation="profile_load" profile="unconfined" name="nvidia_modprobe//kmod" pid=1893 comm="apparmor_parser"
[   12.571788] audit: type=1400 audit(1570444604.983:7): apparmor="STATUS" operation="profile_load" profile="unconfined" name="lsb_release" pid=1892 comm="apparmor_parser"
[   12.572522] audit: type=1400 audit(1570444604.983:8): apparmor="STATUS" operation="profile_load" profile="unconfined" name="libreoffice-oopslash" pid=1883 comm="apparmor_parser"
[   12.575329] audit: type=1400 audit(1570444604.987:9): apparmor="STATUS" operation="profile_load" profile="unconfined" name="/usr/lib/ibus/ibus-engine-hangul" pid=1885 comm="apparmor_parser"
[   12.577890] audit: type=1400 audit(1570444604.991:10): apparmor="STATUS" operation="profile_load" profile="unconfined" name="/usr/bin/man" pid=1886 comm="apparmor_parser"
[   12.577905] audit: type=1400 audit(1570444604.991:11): apparmor="STATUS" operation="profile_load" profile="unconfined" name="man_filter" pid=1886 comm="apparmor_parser"
[   13.122656] IPMI message handler: version 39.2
[   13.131027] ipmi device interface
[   13.148187] ipmi_si: IPMI System Interface driver
[   13.148294] ipmi_si IPI0001:00: ipmi_platform: probing via ACPI
[   13.148670] ipmi_si IPI0001:00: ipmi_platform: [io  0x0ca2] regsize 1 spacing 1 irq 0
[   13.148675] ipmi_si: Adding ACPI-specified kcs state machine
[   13.149084] ipmi_si: Trying ACPI-specified kcs state machine at i/o address 0xca2, slave address 0x0, irq 0
[   13.313021] iTCO_vendor_support: vendor-support=0
[   13.321059] mei_me 0000:00:16.0: Device doesn't have valid ME Interface
[   13.323445] iTCO_wdt: Intel TCO WatchDog Timer Driver v1.11
[   13.323584] iTCO_wdt: Found a Wellsburg TCO device (Version=2, TCOBASE=0x0460)
[   13.323999] iTCO_wdt: initialized. heartbeat=30 sec (nowayout=0)
[   13.405622] input: PC Speaker as /devices/platform/pcspkr/input/input2
[   13.413441] sd 10:0:0:0: Attached scsi generic sg0 type 0
[   13.522322] RAPL PMU: API unit is 2^-32 Joules, 2 fixed counters, 655360 ms ovfl timer
[   13.522329] RAPL PMU: hw unit of domain package 2^-14 Joules
[   13.522332] RAPL PMU: hw unit of domain dram 2^-16 Joules
[   13.626533] ipmi_si IPI0001:00: IPMI message handler: Found new BMC (man_id: 0x00c1d6, prod_id: 0xaabb, dev_id: 0x20)
[   13.654132] ipmi_si IPI0001:00: IPMI kcs interface initialized
[   13.671353] ipmi_ssif: IPMI SSIF Interface driver
[   13.701829] cryptd: max_cpu_qlen set to 1000
[   13.811159] systemd-journald[1817]: Received request to flush runtime journal from PID 1
[   14.004831] AVX2 version of gcm_enc/dec engaged.
[   14.004838] AES CTR mode by8 optimization enabled
[   15.044732] EDAC sbridge: Seeking for: PCI ID 8086:7840
[   15.044872] EDAC sbridge: Seeking for: PCI ID 8086:7840
[   15.044889] EDAC sbridge: Seeking for: PCI ID 8086:7843
[   15.044956] EDAC sbridge: Seeking for: PCI ID 8086:7843
[   15.044968] EDAC sbridge: Seeking for: PCI ID 8086:7843
[   15.044980] EDAC sbridge: Seeking for: PCI ID 8086:7843
[   15.044993] EDAC sbridge: Seeking for: PCI ID 8086:7843
[   15.045005] EDAC sbridge: Seeking for: PCI ID 8086:7843
[   15.045017] EDAC sbridge: Seeking for: PCI ID 8086:7844
[   15.045092] EDAC sbridge: Seeking for: PCI ID 8086:7810
[   15.045231] EDAC sbridge: Seeking for: PCI ID 8086:782a
[   15.045301] EDAC sbridge: Seeking for: PCI ID 8086:782b
[   15.045366] EDAC sbridge: Seeking for: PCI ID 8086:782c
[   15.045396] EDAC sbridge: Seeking for: PCI ID 8086:782c
[   15.045408] EDAC sbridge: Seeking for: PCI ID 8086:782c
[   15.045419] EDAC sbridge: Seeking for: PCI ID 8086:782c
[   15.045430] EDAC sbridge: Seeking for: PCI ID 8086:782c
[   15.045440] EDAC sbridge: Seeking for: PCI ID 8086:782c
[   15.045450] EDAC sbridge: Seeking for: PCI ID 8086:782c
[   15.045460] EDAC sbridge: Seeking for: PCI ID 8086:782c
[   15.045470] EDAC sbridge: Seeking for: PCI ID 8086:782c
[   15.045480] EDAC sbridge: Seeking for: PCI ID 8086:782c
